#
# A fatal error has been detected by the Java Runtime Environment:
#
#  EXCEPTION_ACCESS_VIOLATION (0xc0000005) at pc=0x00007ffd4e113004, pid=23484, tid=23468
#
# JRE version: OpenJDK Runtime Environment (25.0.1+8) (build 25.0.1+8-27)
# Java VM: OpenJDK 64-Bit Server VM (25.0.1+8-27, mixed mode, sharing, tiered, compressed oops, compressed class ptrs, g1 gc, windows-amd64)
# Problematic frame:
# C  [libasyncProfiler.dll+0x93004]
#
# No core dump will be written. Minidumps are not enabled by default on client versions of Windows
#
# JFR recording file will be written. Location: C:\Users\Mason\SWE_project\hs_err_pid23484.jfr
#
# If you would like to submit a bug report, please visit:
#   https://bugreport.java.com/bugreport/crash.jsp
# The crash happened outside the Java Virtual Machine in native code.
# See problematic frame for where to report the bug.
#

---------------  S U M M A R Y ------------

Command Line: -ea -Didea.test.cyclic.buffer.size=1048576 -javaagent:C:\Program Files\JetBrains\IntelliJ IDEA 2024.3.4\lib\idea_rt.jar=65032 -javaagent:C:\Users\Mason\AppData\Local\JetBrains\IntelliJIdea2024.3\captureAgent\debugger-agent.jar -Dkotlinx.coroutines.debug.enable.creation.stack.trace=false -Ddebugger.agent.enable.coroutines=true -Dkotlinx.coroutines.debug.enable.flows.stack.trace=true -Dkotlinx.coroutines.debug.enable.mutable.state.flows.stack.trace=true -agentpath:C:\Users\Mason\AppData\Local\Temp\idea_libasyncProfiler_dll_temp_folder\libasyncProfiler.dll=start,jfr,event=wall,interval=10ms,jfrsync=profile,cstack=no,file=C:\Users\Mason\IdeaSnapshots\All_in_cs3354GroupProject_2025_11_09_060225.jfr,dbghelppath=C:\Users\Mason\AppData\Local\Temp\idea_dbghelp_dll_temp_folder\dbghelp.dll,log=C:\Users\Mason\AppData\Local\Temp\All_in_cs3354GroupProject_2025_11_09_060225.jfr.log.txt,logLevel=DEBUG -Dfile.encoding=UTF-8 -Dsun.stdout.encoding=UTF-8 -Dsun.stderr.encoding=UTF-8 com.intellij.rt.junit.JUnitStarter -ideVersion5 -junit5 @w@C:\Users\Mason\AppData\Local\Temp\idea_working_dirs_junit.tmp @C:\Users\Mason\AppData\Local\Temp\idea_junit.tmp -socket65031

Host: AMD Ryzen 5 7535U with Radeon Graphics         , 12 cores, 62G,  Windows 11 , 64 bit Build 26100 (10.0.26100.6725)
Time: Sun Nov  9 06:02:25 2025 Central Standard Time elapsed time: 0.711062 seconds (0d 0h 0m 0s)

---------------  T H R E A D  ---------------

Current thread (0x0000024f72d16ad0):  JavaThread "main"             [_thread_in_native, id=23468, stack(0x00000083cf600000,0x00000083cf700000) (1024K)]

Stack: [0x00000083cf600000,0x00000083cf700000],  sp=0x00000083cf6fe8d0,  free space=1018k
Native frames: (J=compiled Java code, j=interpreted, Vv=VM code, C=native code)
C  [libasyncProfiler.dll+0x93004]  (no source info available)
C  [libasyncProfiler.dll+0x934db]  (no source info available)
C  [libasyncProfiler.dll+0x92134]  (no source info available)
C  [libasyncProfiler.dll+0x929aa]  (no source info available)
C  [libasyncProfiler.dll+0x8d561]  (no source info available)
C  [libasyncProfiler.dll+0x7ef21]  (no source info available)
C  [libasyncProfiler.dll+0x7dc38]  (no source info available)
C  [libasyncProfiler.dll+0x7db20]  (no source info available)
C  [libasyncProfiler.dll+0x83c3c]  (no source info available)
V  [jvm.dll+0x64adbe]  (no source info available)
V  [jvm.dll+0x91097d]  (no source info available)
V  [jvm.dll+0x4f9061]  (no source info available)
V  [jvm.dll+0x4fa8f1]  (no source info available)
C  [jli.dll+0x543e]  (no source info available)
C  [ucrtbase.dll+0x37b0]  (no source info available)
C  [KERNEL32.DLL+0x2e8d7]  (no source info available)
C  [ntdll.dll+0x8c53c]  (no source info available)


siginfo: EXCEPTION_ACCESS_VIOLATION (0xc0000005), reading address 0xffffffffffffffff


Registers:
RAX=0x0000000000000010, RBX=0x0000000000000000, RCX=0xffffffffffffffff, RDX=0x007ffcec3b65b010
RSP=0x00000083cf6fe8d0, RBP=0x0000024f27041458, RSI=0x00000083cf6fea40, RDI=0x0000024f27041458
R8 =0x0000000000000042, R9 =0x0000000452001eb8, R10=0x00007ffcec63f380, R11=0x0000000000000004
R12=0x00000083cf6fea40, R13=0x0000024f7318e880, R14=0x0000024f72d16f18, R15=0x0000024f72d16f18
RIP=0x00007ffd4e113004, EFLAGS=0x0000000000010202

XMM[0]=0x0000000000000000 0x0000000000000000
XMM[1]=0x0000000000000000 0x0000000000000000
XMM[2]=0x0000000000000000 0x0000000000000000
XMM[3]=0x0000000000000000 0x0000000000000000
XMM[4]=0x0000000000000000 0x0000000000000000
XMM[5]=0x0000000000000000 0x0000000000000000
XMM[6]=0x0000000000000000 0x0000000000000000
XMM[7]=0x0000000000000000 0x0000000000000000
XMM[8]=0x0000000000000000 0x0000000000000000
XMM[9]=0x0000000000000000 0x0000000000000000
XMM[10]=0x0000000000000000 0x0000000000000000
XMM[11]=0x0000000000000000 0x0000000000000000
XMM[12]=0x0000000000000000 0x0000000000000000
XMM[13]=0x0000000000000000 0x0000000000000000
XMM[14]=0x0000000000000000 0x0000000000000000
XMM[15]=0x0000000000000000 0x0000000000000000
  MXCSR=0x00001fa0


Register to memory mapping:

RAX=0x0000000000000010 is an unknown value
RBX=0x0 is null
RCX=0xffffffffffffffff is an unknown value
RDX=0x007ffcec3b65b010 is an unknown value
RSP=0x00000083cf6fe8d0 is pointing into the stack for thread: 0x0000024f72d16ad0
RBP=0x0000024f27041458 points into unknown readable memory: 0x0000000452001eb8 | b8 1e 00 52 04 00 00 00
RSI=0x00000083cf6fea40 is pointing into the stack for thread: 0x0000024f72d16ad0
RDI=0x0000024f27041458 points into unknown readable memory: 0x0000000452001eb8 | b8 1e 00 52 04 00 00 00
R8 =0x0000000000000042 is an unknown value
R9 =0x0000000452001eb8 is an oop: java.lang.Thread 
{0x0000000452001eb8} - klass: 'java/lang/Thread' - flags: 

 - ---- fields (total size 14 words):
 - 'threadLocalRandomProbe' 'I' @12  0 (0x00000000)
 - private volatile 'eetop' 'J' @16  2540251998928 (0x0000024f72d16ad0)
 - private final 'tid' 'J' @24  3 (0x0000000000000003)
 - 'threadLocalRandomSeed' 'J' @32  0 (0x0000000000000000)
 - injected 'jvmti_thread_state' 'J' @40  2540465651328 (0x0000024f7f8d7e80)
 - 'threadLocalRandomSecondarySeed' 'I' @48  0 (0x00000000)
 - injected 'jvmti_VTMS_transition_disable_count' 'I' @52  0 (0x00000000)
 - injected 'jfr_epoch' 'S' @56  0 (0x0000)
 - volatile 'interrupted' 'Z' @58  false (0x00)
 - injected 'jvmti_is_in_VTMS_transition' 'Z' @59  false (0x00)
 - private volatile 'name' 'Ljava/lang/String;' @60  "main"{0x0000000452001f28} (0x8a4003e5)
 - private volatile 'contextClassLoader' 'Ljava/lang/ClassLoader;' @64  a 'jdk/internal/loader/ClassLoaders$AppClassLoader'{0x00000004520565f0} (0x8a40acbe)
 - private final 'holder' 'Ljava/lang/Thread$FieldHolder;' @68  a 'java/lang/Thread$FieldHolder'{0x0000000452001f68} (0x8a4003ed)
 - private 'threadLocals' 'Ljava/lang/ThreadLocal$ThreadLocalMap;' @72  a 'java/lang/ThreadLocal$ThreadLocalMap'{0x000000045110c7e8} (0x8a2218fd)
 - private 'inheritableThreadLocals' 'Ljava/lang/ThreadLocal$ThreadLocalMap;' @76  null (0x00000000)
 - private 'scopedValueBindings' 'Ljava/lang/Object;' @80  a 'java/lang/Class'{0x00000007ff87f210} = 'java/lang/Thread' (0xfff0fe42)
 - final 'interruptLock' 'Ljava/lang/Object;' @84  a 'java/lang/Object'{0x0000000452001f58} (0x8a4003eb)
 - private volatile 'parkBlocker' 'Ljava/lang/Object;' @88  null (0x00000000)
 - private 'nioBlocker' 'Lsun/nio/ch/Interruptible;' @92  null (0x00000000)
 - private 'cont' 'Ljdk/internal/vm/Continuation;' @96  null (0x00000000)
 - private volatile 'uncaughtExceptionHandler' 'Ljava/lang/Thread$UncaughtExceptionHandler;' @100  null (0x00000000)
 - private 'container' 'Ljdk/internal/vm/ThreadContainer;' @104  null (0x00000000)
 - private volatile 'headStackableScopes' 'Ljdk/internal/vm/StackableScope;' @108  null (0x00000000)
R10=0x00007ffcec63f380 jvm.dll
R11=0x0000000000000004 is an unknown value
R12=0x00000083cf6fea40 is pointing into the stack for thread: 0x0000024f72d16ad0
R13=0x0000024f7318e880 points into unknown readable memory: 0x00007ffcec5afbd0 | d0 fb 5a ec fc 7f 00 00
R14=0x0000024f72d16f18 points into unknown readable memory: 0x00007ffcec5a6b50 | 50 6b 5a ec fc 7f 00 00
R15=0x0000024f72d16f18 points into unknown readable memory: 0x00007ffcec5a6b50 | 50 6b 5a ec fc 7f 00 00

Top of Stack: (sp=0x00000083cf6fe8d0)
0x00000083cf6fe8d0:   00000083cf6fea40 0000024f27041458   @.o.....X..'O...
0x00000083cf6fe8e0:   0000000000000000 0000024f72d172a8   .........r.rO...
0x00000083cf6fe8f0:   000000000000001a 00007ffd4e1134db   .........4.N....
0x00000083cf6fe900:   0000000000000000 0000024f72d16f18   .........o.rO...
0x00000083cf6fe910:   00000083cf6fea01 0000000000000000   ..o.............
0x00000083cf6fe920:   0000024f290fcad0 00007ffd4e112134   ...)O...4!.N....
0x00000083cf6fe930:   0000000000000000 000000000000001a   ................
0x00000083cf6fe940:   0000000000000000 000000000000001a   ................
0x00000083cf6fe950:   0000000900000002 0000024f290df9b0   ...........)O...
0x00000083cf6fe960:   0000024f290fcad0 0000024f290fcb38   ...)O...8..)O...
0x00000083cf6fe970:   0000024f290fcb40 0000000000001cc8   @..)O...........
0x00000083cf6fe980:   0000000000000000 0000000000000000   ................
0x00000083cf6fe990:   0000000000000000 00007ffcebda7194   .........q......
0x00000083cf6fe9a0:   00007ffd4e26ae00 0000000000005bbc   ..&N.....[......
0x00000083cf6fe9b0:   00007ffd4e26ae00 00000000ffffffff   ..&N............
0x00000083cf6fe9c0:   0000000000000000 00007ffd4e1129aa   .........).N....
0x00000083cf6fe9d0:   0000024f72d16f18 0000000000000000   .o.rO...........
0x00000083cf6fe9e0:   00000083cf6fea49 0000024f7318e880   I.o........sO...
0x00000083cf6fe9f0:   0000024f000021b4 0000000000000000   .!..O...........
0x00000083cf6fea00:   0000000000000000 00007ffdb9186389   .........c......
0x00000083cf6fea10:   0000024f72d16f18 00007ffd4e26ae00   .o.rO.....&N....
0x00000083cf6fea20:   0000000000000000 00007ffd4e1abc53   ........S..N....
0x00000083cf6fea30:   0000000000000000 0000024f72d16f18   .........o.rO...
0x00000083cf6fea40:   0000024f290e9d20 0000024f290ea060    ..)O...`..)O...
0x00000083cf6fea50:   0000024f290ea060 00007ffd4e26ae00   `..)O.....&N....
0x00000083cf6fea60:   0000024f731a3bd8 00000083cf6febd8   .;.sO.....o.....
0x00000083cf6fea70:   00000083cf6fed10 0000000000008840   ..o.....@.......
0x00000083cf6fea80:   00007ffd4e25d080 00007ffd4e26ae50   ..%N....P.&N....
0x00000083cf6fea90:   0000000000989680 0000000000989680   ................
0x00000083cf6feaa0:   00000083cf6febb0 00007ffd4e10d561   ..o.....a..N....
0x00000083cf6feab0:   00007ffd4e26ae00 00007ffd4e26ae58   ..&N....X.&N....
0x00000083cf6feac0:   00007ffd00000000 00fb1e3300000001   ............3...

Instructions: (pc=0x00007ffd4e113004)
  0x00007ffd4e112f04:   cc cc cc cc cc cc cc cc cc cc cc cc cc cc cc cc
  0x00007ffd4e112f14:   cc cc cc cc cc cc cc cc cc cc cc cc cc cc cc cc
  0x00007ffd4e112f24:   cc cc cc cc cc cc cc cc cc cc cc cc cc cc cc cc
  0x00007ffd4e112f34:   cc cc cc cc cc cc cc cc cc cc cc cc cc cc cc cc
  0x00007ffd4e112f44:   cc cc cc cc cc cc cc cc cc cc cc cc cc cc cc cc
  0x00007ffd4e112f54:   cc cc cc cc cc cc cc cc cc cc cc cc cc cc cc cc
  0x00007ffd4e112f64:   cc cc cc cc cc cc cc cc cc cc cc cc cc cc cc cc
  0x00007ffd4e112f74:   cc cc cc cc cc cc cc cc cc cc cc cc cc cc cc cc
  0x00007ffd4e112f84:   cc cc cc cc cc cc cc cc cc cc cc cc 40 57 48 83
  0x00007ffd4e112f94:   ec 20 48 8b f9 48 8b 0d 30 80 15 00 48 85 c9 74
  0x00007ffd4e112fa4:   20 48 8b 01 48 8d 54 24 38 41 b8 06 00 01 00 4c
  0x00007ffd4e112fb4:   8b 48 30 41 ff d1 85 c0 75 07 48 8b 4c 24 38 eb
  0x00007ffd4e112fc4:   02 33 c9 4c 8b 05 0a 81 15 00 48 89 5c 24 30 4d
  0x00007ffd4e112fd4:   85 c0 74 4a 48 8b 01 48 8b d7 4c 8b 88 28 03 00
  0x00007ffd4e112fe4:   00 41 ff d1 48 85 c0 74 35 48 63 0d b8 3d 15 00
  0x00007ffd4e112ff4:   48 8b 14 01 48 85 d2 74 15 48 63 05 bc 3d 15 00
=>0x00007ffd4e113004:   8b 04 10 48 8b 5c 24 30 48 83 c4 20 5f c3 b8 ff
  0x00007ffd4e113014:   ff ff ff 48 8b 5c 24 30 48 83 c4 20 5f c3 80 3d
  0x00007ffd4e113024:   bb 7f 15 00 00 bb ff ff ff ff 74 20 4c 8b 0d 51
  0x00007ffd4e113034:   7c 15 00 4c 8d 44 24 38 48 8b 0d 35 7c 15 00 48
  0x00007ffd4e113044:   8b d7 41 ff d1 85 c0 0f 44 5c 24 38 8b c3 48 8b
  0x00007ffd4e113054:   5c 24 30 48 83 c4 20 5f c3 cc cc cc cc cc cc cc
  0x00007ffd4e113064:   cc cc cc cc cc cc cc cc cc cc cc cc cc cc cc cc
  0x00007ffd4e113074:   cc cc cc cc cc cc cc cc cc cc cc cc cc cc cc cc
  0x00007ffd4e113084:   cc cc cc cc cc cc cc cc cc cc cc cc 48 89 54 24
  0x00007ffd4e113094:   10 53 55 56 57 41 56 41 57 48 83 ec 28 48 8b f2
  0x00007ffd4e1130a4:   4c 8b f1 48 89 4c 24 78 45 33 ff 44 89 7c 24 68
  0x00007ffd4e1130b4:   c7 44 24 60 01 00 00 00 48 8d 4c 24 68 e8 69 3c
  0x00007ffd4e1130c4:   f7 ff 8b d8 48 8d 4c 24 60 e8 5d 3c f7 ff 8b e8
  0x00007ffd4e1130d4:   49 8b ce e8 33 f3 f6 ff 48 8b f8 90 8b c3 f0 0f
  0x00007ffd4e1130e4:   b1 2f 74 04 f3 90 eb f4 4c 89 3e 4c 89 7e 08 4c
  0x00007ffd4e1130f4:   89 7e 10 49 8b 6e 08 4d 8b 76 10 49 3b ee 0f 84


Stack slot to memory mapping:

stack at sp + 0 slots: 0x00000083cf6fea40 is pointing into the stack for thread: 0x0000024f72d16ad0
stack at sp + 1 slots: 0x0000024f27041458 points into unknown readable memory: 0x0000000452001eb8 | b8 1e 00 52 04 00 00 00
stack at sp + 2 slots: 0x0 is null
stack at sp + 3 slots: 0x0000024f72d172a8 points into unknown readable memory: 0x6e616c2e6176616a | 6a 61 76 61 2e 6c 61 6e
stack at sp + 4 slots: 0x000000000000001a is an unknown value
stack at sp + 5 slots: 0x00007ffd4e1134db libasyncProfiler.dll
stack at sp + 6 slots: 0x0 is null
stack at sp + 7 slots: 0x0000024f72d16f18 points into unknown readable memory: 0x00007ffcec5a6b50 | 50 6b 5a ec fc 7f 00 00

Lock stack of current Java thread (top to bottom):


---------------  P R O C E S S  ---------------

Threads class SMR info:
_java_thread_list=0x0000024f287a9e60, length=15, elements={
0x0000024f72d16ad0, 0x0000024f7f7ed1b0, 0x0000024f7f7edc10, 0x0000024f7f7f47c0,
0x0000024f7f7f5e00, 0x0000024f7f7fae10, 0x0000024f7f7fccd0, 0x0000024f7f809c20,
0x0000024f7f80a970, 0x0000024f7fa39f40, 0x0000024f7fa8ac30, 0x0000024f272acfd0,
0x0000024f27ea81c0, 0x0000024f272adff0, 0x0000024f291403c0
}

Java Threads: ( => current thread )
=>0x0000024f72d16ad0 JavaThread "main"                              [_thread_in_native, id=23468, stack(0x00000083cf600000,0x00000083cf700000) (1024K)]
  0x0000024f7f7ed1b0 JavaThread "Reference Handler"          daemon [_thread_blocked, id=12640, stack(0x00000083cfe00000,0x00000083cff00000) (1024K)]
  0x0000024f7f7edc10 JavaThread "Finalizer"                  daemon [_thread_blocked, id=33256, stack(0x00000083cff00000,0x00000083d0000000) (1024K)]
  0x0000024f7f7f47c0 JavaThread "Signal Dispatcher"          daemon [_thread_blocked, id=4448, stack(0x00000083d0000000,0x00000083d0100000) (1024K)]
  0x0000024f7f7f5e00 JavaThread "Attach Listener"            daemon [_thread_blocked, id=9740, stack(0x00000083d0100000,0x00000083d0200000) (1024K)]
  0x0000024f7f7fae10 JavaThread "Service Thread"             daemon [_thread_blocked, id=7112, stack(0x00000083d0200000,0x00000083d0300000) (1024K)]
  0x0000024f7f7fccd0 JavaThread "Monitor Deflation Thread"   daemon [_thread_blocked, id=33612, stack(0x00000083d0300000,0x00000083d0400000) (1024K)]
  0x0000024f7f809c20 JavaThread "C2 CompilerThread0"         daemon [_thread_blocked, id=20388, stack(0x00000083d0400000,0x00000083d0500000) (1024K)]
  0x0000024f7f80a970 JavaThread "C1 CompilerThread0"         daemon [_thread_blocked, id=23784, stack(0x00000083d0500000,0x00000083d0600000) (1024K)]
  0x0000024f7fa39f40 JavaThread "Common-Cleaner"             daemon [_thread_blocked, id=39240, stack(0x00000083d0600000,0x00000083d0700000) (1024K)]
  0x0000024f7fa8ac30 JavaThread "Monitor Ctrl-Break"         daemon [_thread_in_native, id=28668, stack(0x00000083d0700000,0x00000083d0800000) (1024K)]
  0x0000024f272acfd0 JavaThread "C2 CompilerThread1"         daemon [_thread_blocked, id=34136, stack(0x00000083d0800000,0x00000083d0900000) (1024K)]
  0x0000024f27ea81c0 JavaThread "JFR Recorder Thread"        daemon [_thread_in_native, id=21836, stack(0x00000083d0900000,0x00000083d0a00000) (1024K)]
  0x0000024f272adff0 JavaThread "C2 CompilerThread2"         daemon [_thread_blocked, id=36168, stack(0x00000083d0a00000,0x00000083d0b00000) (1024K)]
  0x0000024f291403c0 JavaThread "JFR Periodic Tasks"         daemon [_thread_blocked, id=7368, stack(0x00000083d0b00000,0x00000083d0c00000) (1024K)]
Total: 15

Other Threads:
  0x0000024f7f7dd5e0 VMThread "VM Thread"                           [id=17844, stack(0x00000083cfd00000,0x00000083cfe00000) (1024K)]
  0x0000024f72e9c5d0 WatcherThread "VM Periodic Task Thread"        [id=12748, stack(0x00000083cfc00000,0x00000083cfd00000) (1024K)]
  0x0000024f72e069e0 WorkerThread "GC Thread#0"                     [id=18792, stack(0x00000083cf700000,0x00000083cf800000) (1024K)]
  0x0000024f72e1f350 ConcurrentGCThread "G1 Main Marker"            [id=22080, stack(0x00000083cf800000,0x00000083cf900000) (1024K)]
  0x0000024f72e21000 WorkerThread "G1 Conc#0"                       [id=21552, stack(0x00000083cf900000,0x00000083cfa00000) (1024K)]
  0x0000024f72e80750 ConcurrentGCThread "G1 Refine#0"               [id=32184, stack(0x00000083cfa00000,0x00000083cfb00000) (1024K)]
  0x0000024f72e81360 ConcurrentGCThread "G1 Service"                [id=32004, stack(0x00000083cfb00000,0x00000083cfc00000) (1024K)]
Total: 7

Threads with active compile tasks:
Total: 0

VM state: not at safepoint (normal execution)

VM Mutex/Monitor currently owned by a thread: None

Heap address: 0x0000000413800000, size: 16072 MB, Compressed Oops mode: Zero based, Oop shift amount: 3

CDS archive(s) mapped at: [0x0000000080000000-0x0000000080dd0000-0x0000000080dd0000), size 14483456, SharedBaseAddress: 0x0000000080000000, ArchiveRelocationMode: 1.
Compressed class space mapped at: 0x0000000081000000-0x00000000c1000000, reserved size: 1073741824
UseCompressedClassPointers 1, UseCompactObjectHeaders 0
Narrow klass pointer bits 32, Max shift 3
Narrow klass base: 0x0000000080000000, Narrow klass shift: 0
Encoding Range: [0x0000000080000000 - 0x0000000180000000), (4294967296 bytes)
Klass Range:    [0x0000000080010000 - 0x00000000c1000000), (1090453504 bytes)
Klass ID Range:  [65536 - 1090519033) (1090453497)
Protection zone: [0x0000000080000000 - 0x0000000080010000), (65536 bytes)

GC Precious Log:
 CardTable entry size: 512
 Card Set container configuration: InlinePtr #cards 4 size 8 Array Of Cards #cards 64 size 144 Howl #buckets 8 coarsen threshold 14745 Howl Bitmap #cards 2048 size 272 coarsen threshold 1843 Card regions per heap region 1 cards per card region 16384
 CPUs: 12 total, 12 available
 Memory: 64286M
 Large Page Support: Disabled
 NUMA Support: Disabled
 Compressed Oops: Enabled (Zero based)
 Heap Region Size: 8M
 Heap Min Capacity: 8M
 Heap Initial Capacity: 1008M
 Heap Max Capacity: 16072M
 Pre-touch: Disabled
 Parallel Workers: 10
 Concurrent Workers: 3
 Concurrent Refinement Workers: 10
 Periodic GC: Disabled

Heap:
 garbage-first heap   total reserved 16457728K, committed 1040384K, used 25747K [0x0000000413800000, 0x0000000800000000)
  region size 8192K, 4 young (32768K), 0 survivors (0K)

Heap Regions: E=young(eden), S=young(survivor), O=old, HS=humongous(starts), HC=humongous(continues), CS=collection set, F=free, TAMS=top-at-mark-start, PB=parsable bottom
|   0|0x0000000413800000, 0x0000000413800000, 0x0000000414000000|  0%| F|  |TAMS 0x0000000413800000| PB 0x0000000413800000| Untracked |  0
|   1|0x0000000414000000, 0x0000000414000000, 0x0000000414800000|  0%| F|  |TAMS 0x0000000414000000| PB 0x0000000414000000| Untracked |  0
|   2|0x0000000414800000, 0x0000000414800000, 0x0000000415000000|  0%| F|  |TAMS 0x0000000414800000| PB 0x0000000414800000| Untracked |  0
|   3|0x0000000415000000, 0x0000000415000000, 0x0000000415800000|  0%| F|  |TAMS 0x0000000415000000| PB 0x0000000415000000| Untracked |  0
|   4|0x0000000415800000, 0x0000000415800000, 0x0000000416000000|  0%| F|  |TAMS 0x0000000415800000| PB 0x0000000415800000| Untracked |  0
|   5|0x0000000416000000, 0x0000000416000000, 0x0000000416800000|  0%| F|  |TAMS 0x0000000416000000| PB 0x0000000416000000| Untracked |  0
|   6|0x0000000416800000, 0x0000000416800000, 0x0000000417000000|  0%| F|  |TAMS 0x0000000416800000| PB 0x0000000416800000| Untracked |  0
|   7|0x0000000417000000, 0x0000000417000000, 0x0000000417800000|  0%| F|  |TAMS 0x0000000417000000| PB 0x0000000417000000| Untracked |  0
|   8|0x0000000417800000, 0x0000000417800000, 0x0000000418000000|  0%| F|  |TAMS 0x0000000417800000| PB 0x0000000417800000| Untracked |  0
|   9|0x0000000418000000, 0x0000000418000000, 0x0000000418800000|  0%| F|  |TAMS 0x0000000418000000| PB 0x0000000418000000| Untracked |  0
|  10|0x0000000418800000, 0x0000000418800000, 0x0000000419000000|  0%| F|  |TAMS 0x0000000418800000| PB 0x0000000418800000| Untracked |  0
|  11|0x0000000419000000, 0x0000000419000000, 0x0000000419800000|  0%| F|  |TAMS 0x0000000419000000| PB 0x0000000419000000| Untracked |  0
|  12|0x0000000419800000, 0x0000000419800000, 0x000000041a000000|  0%| F|  |TAMS 0x0000000419800000| PB 0x0000000419800000| Untracked |  0
|  13|0x000000041a000000, 0x000000041a000000, 0x000000041a800000|  0%| F|  |TAMS 0x000000041a000000| PB 0x000000041a000000| Untracked |  0
|  14|0x000000041a800000, 0x000000041a800000, 0x000000041b000000|  0%| F|  |TAMS 0x000000041a800000| PB 0x000000041a800000| Untracked |  0
|  15|0x000000041b000000, 0x000000041b000000, 0x000000041b800000|  0%| F|  |TAMS 0x000000041b000000| PB 0x000000041b000000| Untracked |  0
|  16|0x000000041b800000, 0x000000041b800000, 0x000000041c000000|  0%| F|  |TAMS 0x000000041b800000| PB 0x000000041b800000| Untracked |  0
|  17|0x000000041c000000, 0x000000041c000000, 0x000000041c800000|  0%| F|  |TAMS 0x000000041c000000| PB 0x000000041c000000| Untracked |  0
|  18|0x000000041c800000, 0x000000041c800000, 0x000000041d000000|  0%| F|  |TAMS 0x000000041c800000| PB 0x000000041c800000| Untracked |  0
|  19|0x000000041d000000, 0x000000041d000000, 0x000000041d800000|  0%| F|  |TAMS 0x000000041d000000| PB 0x000000041d000000| Untracked |  0
|  20|0x000000041d800000, 0x000000041d800000, 0x000000041e000000|  0%| F|  |TAMS 0x000000041d800000| PB 0x000000041d800000| Untracked |  0
|  21|0x000000041e000000, 0x000000041e000000, 0x000000041e800000|  0%| F|  |TAMS 0x000000041e000000| PB 0x000000041e000000| Untracked |  0
|  22|0x000000041e800000, 0x000000041e800000, 0x000000041f000000|  0%| F|  |TAMS 0x000000041e800000| PB 0x000000041e800000| Untracked |  0
|  23|0x000000041f000000, 0x000000041f000000, 0x000000041f800000|  0%| F|  |TAMS 0x000000041f000000| PB 0x000000041f000000| Untracked |  0
|  24|0x000000041f800000, 0x000000041f800000, 0x0000000420000000|  0%| F|  |TAMS 0x000000041f800000| PB 0x000000041f800000| Untracked |  0
|  25|0x0000000420000000, 0x0000000420000000, 0x0000000420800000|  0%| F|  |TAMS 0x0000000420000000| PB 0x0000000420000000| Untracked |  0
|  26|0x0000000420800000, 0x0000000420800000, 0x0000000421000000|  0%| F|  |TAMS 0x0000000420800000| PB 0x0000000420800000| Untracked |  0
|  27|0x0000000421000000, 0x0000000421000000, 0x0000000421800000|  0%| F|  |TAMS 0x0000000421000000| PB 0x0000000421000000| Untracked |  0
|  28|0x0000000421800000, 0x0000000421800000, 0x0000000422000000|  0%| F|  |TAMS 0x0000000421800000| PB 0x0000000421800000| Untracked |  0
|  29|0x0000000422000000, 0x0000000422000000, 0x0000000422800000|  0%| F|  |TAMS 0x0000000422000000| PB 0x0000000422000000| Untracked |  0
|  30|0x0000000422800000, 0x0000000422800000, 0x0000000423000000|  0%| F|  |TAMS 0x0000000422800000| PB 0x0000000422800000| Untracked |  0
|  31|0x0000000423000000, 0x0000000423000000, 0x0000000423800000|  0%| F|  |TAMS 0x0000000423000000| PB 0x0000000423000000| Untracked |  0
|  32|0x0000000423800000, 0x0000000423800000, 0x0000000424000000|  0%| F|  |TAMS 0x0000000423800000| PB 0x0000000423800000| Untracked |  0
|  33|0x0000000424000000, 0x0000000424000000, 0x0000000424800000|  0%| F|  |TAMS 0x0000000424000000| PB 0x0000000424000000| Untracked |  0
|  34|0x0000000424800000, 0x0000000424800000, 0x0000000425000000|  0%| F|  |TAMS 0x0000000424800000| PB 0x0000000424800000| Untracked |  0
|  35|0x0000000425000000, 0x0000000425000000, 0x0000000425800000|  0%| F|  |TAMS 0x0000000425000000| PB 0x0000000425000000| Untracked |  0
|  36|0x0000000425800000, 0x0000000425800000, 0x0000000426000000|  0%| F|  |TAMS 0x0000000425800000| PB 0x0000000425800000| Untracked |  0
|  37|0x0000000426000000, 0x0000000426000000, 0x0000000426800000|  0%| F|  |TAMS 0x0000000426000000| PB 0x0000000426000000| Untracked |  0
|  38|0x0000000426800000, 0x0000000426800000, 0x0000000427000000|  0%| F|  |TAMS 0x0000000426800000| PB 0x0000000426800000| Untracked |  0
|  39|0x0000000427000000, 0x0000000427000000, 0x0000000427800000|  0%| F|  |TAMS 0x0000000427000000| PB 0x0000000427000000| Untracked |  0
|  40|0x0000000427800000, 0x0000000427800000, 0x0000000428000000|  0%| F|  |TAMS 0x0000000427800000| PB 0x0000000427800000| Untracked |  0
|  41|0x0000000428000000, 0x0000000428000000, 0x0000000428800000|  0%| F|  |TAMS 0x0000000428000000| PB 0x0000000428000000| Untracked |  0
|  42|0x0000000428800000, 0x0000000428800000, 0x0000000429000000|  0%| F|  |TAMS 0x0000000428800000| PB 0x0000000428800000| Untracked |  0
|  43|0x0000000429000000, 0x0000000429000000, 0x0000000429800000|  0%| F|  |TAMS 0x0000000429000000| PB 0x0000000429000000| Untracked |  0
|  44|0x0000000429800000, 0x0000000429800000, 0x000000042a000000|  0%| F|  |TAMS 0x0000000429800000| PB 0x0000000429800000| Untracked |  0
|  45|0x000000042a000000, 0x000000042a000000, 0x000000042a800000|  0%| F|  |TAMS 0x000000042a000000| PB 0x000000042a000000| Untracked |  0
|  46|0x000000042a800000, 0x000000042a800000, 0x000000042b000000|  0%| F|  |TAMS 0x000000042a800000| PB 0x000000042a800000| Untracked |  0
|  47|0x000000042b000000, 0x000000042b000000, 0x000000042b800000|  0%| F|  |TAMS 0x000000042b000000| PB 0x000000042b000000| Untracked |  0
|  48|0x000000042b800000, 0x000000042b800000, 0x000000042c000000|  0%| F|  |TAMS 0x000000042b800000| PB 0x000000042b800000| Untracked |  0
|  49|0x000000042c000000, 0x000000042c000000, 0x000000042c800000|  0%| F|  |TAMS 0x000000042c000000| PB 0x000000042c000000| Untracked |  0
|  50|0x000000042c800000, 0x000000042c800000, 0x000000042d000000|  0%| F|  |TAMS 0x000000042c800000| PB 0x000000042c800000| Untracked |  0
|  51|0x000000042d000000, 0x000000042d000000, 0x000000042d800000|  0%| F|  |TAMS 0x000000042d000000| PB 0x000000042d000000| Untracked |  0
|  52|0x000000042d800000, 0x000000042d800000, 0x000000042e000000|  0%| F|  |TAMS 0x000000042d800000| PB 0x000000042d800000| Untracked |  0
|  53|0x000000042e000000, 0x000000042e000000, 0x000000042e800000|  0%| F|  |TAMS 0x000000042e000000| PB 0x000000042e000000| Untracked |  0
|  54|0x000000042e800000, 0x000000042e800000, 0x000000042f000000|  0%| F|  |TAMS 0x000000042e800000| PB 0x000000042e800000| Untracked |  0
|  55|0x000000042f000000, 0x000000042f000000, 0x000000042f800000|  0%| F|  |TAMS 0x000000042f000000| PB 0x000000042f000000| Untracked |  0
|  56|0x000000042f800000, 0x000000042f800000, 0x0000000430000000|  0%| F|  |TAMS 0x000000042f800000| PB 0x000000042f800000| Untracked |  0
|  57|0x0000000430000000, 0x0000000430000000, 0x0000000430800000|  0%| F|  |TAMS 0x0000000430000000| PB 0x0000000430000000| Untracked |  0
|  58|0x0000000430800000, 0x0000000430800000, 0x0000000431000000|  0%| F|  |TAMS 0x0000000430800000| PB 0x0000000430800000| Untracked |  0
|  59|0x0000000431000000, 0x0000000431000000, 0x0000000431800000|  0%| F|  |TAMS 0x0000000431000000| PB 0x0000000431000000| Untracked |  0
|  60|0x0000000431800000, 0x0000000431800000, 0x0000000432000000|  0%| F|  |TAMS 0x0000000431800000| PB 0x0000000431800000| Untracked |  0
|  61|0x0000000432000000, 0x0000000432000000, 0x0000000432800000|  0%| F|  |TAMS 0x0000000432000000| PB 0x0000000432000000| Untracked |  0
|  62|0x0000000432800000, 0x0000000432800000, 0x0000000433000000|  0%| F|  |TAMS 0x0000000432800000| PB 0x0000000432800000| Untracked |  0
|  63|0x0000000433000000, 0x0000000433000000, 0x0000000433800000|  0%| F|  |TAMS 0x0000000433000000| PB 0x0000000433000000| Untracked |  0
|  64|0x0000000433800000, 0x0000000433800000, 0x0000000434000000|  0%| F|  |TAMS 0x0000000433800000| PB 0x0000000433800000| Untracked |  0
|  65|0x0000000434000000, 0x0000000434000000, 0x0000000434800000|  0%| F|  |TAMS 0x0000000434000000| PB 0x0000000434000000| Untracked |  0
|  66|0x0000000434800000, 0x0000000434800000, 0x0000000435000000|  0%| F|  |TAMS 0x0000000434800000| PB 0x0000000434800000| Untracked |  0
|  67|0x0000000435000000, 0x0000000435000000, 0x0000000435800000|  0%| F|  |TAMS 0x0000000435000000| PB 0x0000000435000000| Untracked |  0
|  68|0x0000000435800000, 0x0000000435800000, 0x0000000436000000|  0%| F|  |TAMS 0x0000000435800000| PB 0x0000000435800000| Untracked |  0
|  69|0x0000000436000000, 0x0000000436000000, 0x0000000436800000|  0%| F|  |TAMS 0x0000000436000000| PB 0x0000000436000000| Untracked |  0
|  70|0x0000000436800000, 0x0000000436800000, 0x0000000437000000|  0%| F|  |TAMS 0x0000000436800000| PB 0x0000000436800000| Untracked |  0
|  71|0x0000000437000000, 0x0000000437000000, 0x0000000437800000|  0%| F|  |TAMS 0x0000000437000000| PB 0x0000000437000000| Untracked |  0
|  72|0x0000000437800000, 0x0000000437800000, 0x0000000438000000|  0%| F|  |TAMS 0x0000000437800000| PB 0x0000000437800000| Untracked |  0
|  73|0x0000000438000000, 0x0000000438000000, 0x0000000438800000|  0%| F|  |TAMS 0x0000000438000000| PB 0x0000000438000000| Untracked |  0
|  74|0x0000000438800000, 0x0000000438800000, 0x0000000439000000|  0%| F|  |TAMS 0x0000000438800000| PB 0x0000000438800000| Untracked |  0
|  75|0x0000000439000000, 0x0000000439000000, 0x0000000439800000|  0%| F|  |TAMS 0x0000000439000000| PB 0x0000000439000000| Untracked |  0
|  76|0x0000000439800000, 0x0000000439800000, 0x000000043a000000|  0%| F|  |TAMS 0x0000000439800000| PB 0x0000000439800000| Untracked |  0
|  77|0x000000043a000000, 0x000000043a000000, 0x000000043a800000|  0%| F|  |TAMS 0x000000043a000000| PB 0x000000043a000000| Untracked |  0
|  78|0x000000043a800000, 0x000000043a800000, 0x000000043b000000|  0%| F|  |TAMS 0x000000043a800000| PB 0x000000043a800000| Untracked |  0
|  79|0x000000043b000000, 0x000000043b000000, 0x000000043b800000|  0%| F|  |TAMS 0x000000043b000000| PB 0x000000043b000000| Untracked |  0
|  80|0x000000043b800000, 0x000000043b800000, 0x000000043c000000|  0%| F|  |TAMS 0x000000043b800000| PB 0x000000043b800000| Untracked |  0
|  81|0x000000043c000000, 0x000000043c000000, 0x000000043c800000|  0%| F|  |TAMS 0x000000043c000000| PB 0x000000043c000000| Untracked |  0
|  82|0x000000043c800000, 0x000000043c800000, 0x000000043d000000|  0%| F|  |TAMS 0x000000043c800000| PB 0x000000043c800000| Untracked |  0
|  83|0x000000043d000000, 0x000000043d000000, 0x000000043d800000|  0%| F|  |TAMS 0x000000043d000000| PB 0x000000043d000000| Untracked |  0
|  84|0x000000043d800000, 0x000000043d800000, 0x000000043e000000|  0%| F|  |TAMS 0x000000043d800000| PB 0x000000043d800000| Untracked |  0
|  85|0x000000043e000000, 0x000000043e000000, 0x000000043e800000|  0%| F|  |TAMS 0x000000043e000000| PB 0x000000043e000000| Untracked |  0
|  86|0x000000043e800000, 0x000000043e800000, 0x000000043f000000|  0%| F|  |TAMS 0x000000043e800000| PB 0x000000043e800000| Untracked |  0
|  87|0x000000043f000000, 0x000000043f000000, 0x000000043f800000|  0%| F|  |TAMS 0x000000043f000000| PB 0x000000043f000000| Untracked |  0
|  88|0x000000043f800000, 0x000000043f800000, 0x0000000440000000|  0%| F|  |TAMS 0x000000043f800000| PB 0x000000043f800000| Untracked |  0
|  89|0x0000000440000000, 0x0000000440000000, 0x0000000440800000|  0%| F|  |TAMS 0x0000000440000000| PB 0x0000000440000000| Untracked |  0
|  90|0x0000000440800000, 0x0000000440800000, 0x0000000441000000|  0%| F|  |TAMS 0x0000000440800000| PB 0x0000000440800000| Untracked |  0
|  91|0x0000000441000000, 0x0000000441000000, 0x0000000441800000|  0%| F|  |TAMS 0x0000000441000000| PB 0x0000000441000000| Untracked |  0
|  92|0x0000000441800000, 0x0000000441800000, 0x0000000442000000|  0%| F|  |TAMS 0x0000000441800000| PB 0x0000000441800000| Untracked |  0
|  93|0x0000000442000000, 0x0000000442000000, 0x0000000442800000|  0%| F|  |TAMS 0x0000000442000000| PB 0x0000000442000000| Untracked |  0
|  94|0x0000000442800000, 0x0000000442800000, 0x0000000443000000|  0%| F|  |TAMS 0x0000000442800000| PB 0x0000000442800000| Untracked |  0
|  95|0x0000000443000000, 0x0000000443000000, 0x0000000443800000|  0%| F|  |TAMS 0x0000000443000000| PB 0x0000000443000000| Untracked |  0
|  96|0x0000000443800000, 0x0000000443800000, 0x0000000444000000|  0%| F|  |TAMS 0x0000000443800000| PB 0x0000000443800000| Untracked |  0
|  97|0x0000000444000000, 0x0000000444000000, 0x0000000444800000|  0%| F|  |TAMS 0x0000000444000000| PB 0x0000000444000000| Untracked |  0
|  98|0x0000000444800000, 0x0000000444800000, 0x0000000445000000|  0%| F|  |TAMS 0x0000000444800000| PB 0x0000000444800000| Untracked |  0
|  99|0x0000000445000000, 0x0000000445000000, 0x0000000445800000|  0%| F|  |TAMS 0x0000000445000000| PB 0x0000000445000000| Untracked |  0
| 100|0x0000000445800000, 0x0000000445800000, 0x0000000446000000|  0%| F|  |TAMS 0x0000000445800000| PB 0x0000000445800000| Untracked |  0
| 101|0x0000000446000000, 0x0000000446000000, 0x0000000446800000|  0%| F|  |TAMS 0x0000000446000000| PB 0x0000000446000000| Untracked |  0
| 102|0x0000000446800000, 0x0000000446800000, 0x0000000447000000|  0%| F|  |TAMS 0x0000000446800000| PB 0x0000000446800000| Untracked |  0
| 103|0x0000000447000000, 0x0000000447000000, 0x0000000447800000|  0%| F|  |TAMS 0x0000000447000000| PB 0x0000000447000000| Untracked |  0
| 104|0x0000000447800000, 0x0000000447800000, 0x0000000448000000|  0%| F|  |TAMS 0x0000000447800000| PB 0x0000000447800000| Untracked |  0
| 105|0x0000000448000000, 0x0000000448000000, 0x0000000448800000|  0%| F|  |TAMS 0x0000000448000000| PB 0x0000000448000000| Untracked |  0
| 106|0x0000000448800000, 0x0000000448800000, 0x0000000449000000|  0%| F|  |TAMS 0x0000000448800000| PB 0x0000000448800000| Untracked |  0
| 107|0x0000000449000000, 0x0000000449000000, 0x0000000449800000|  0%| F|  |TAMS 0x0000000449000000| PB 0x0000000449000000| Untracked |  0
| 108|0x0000000449800000, 0x0000000449800000, 0x000000044a000000|  0%| F|  |TAMS 0x0000000449800000| PB 0x0000000449800000| Untracked |  0
| 109|0x000000044a000000, 0x000000044a000000, 0x000000044a800000|  0%| F|  |TAMS 0x000000044a000000| PB 0x000000044a000000| Untracked |  0
| 110|0x000000044a800000, 0x000000044a800000, 0x000000044b000000|  0%| F|  |TAMS 0x000000044a800000| PB 0x000000044a800000| Untracked |  0
| 111|0x000000044b000000, 0x000000044b000000, 0x000000044b800000|  0%| F|  |TAMS 0x000000044b000000| PB 0x000000044b000000| Untracked |  0
| 112|0x000000044b800000, 0x000000044b800000, 0x000000044c000000|  0%| F|  |TAMS 0x000000044b800000| PB 0x000000044b800000| Untracked |  0
| 113|0x000000044c000000, 0x000000044c000000, 0x000000044c800000|  0%| F|  |TAMS 0x000000044c000000| PB 0x000000044c000000| Untracked |  0
| 114|0x000000044c800000, 0x000000044c800000, 0x000000044d000000|  0%| F|  |TAMS 0x000000044c800000| PB 0x000000044c800000| Untracked |  0
| 115|0x000000044d000000, 0x000000044d000000, 0x000000044d800000|  0%| F|  |TAMS 0x000000044d000000| PB 0x000000044d000000| Untracked |  0
| 116|0x000000044d800000, 0x000000044d800000, 0x000000044e000000|  0%| F|  |TAMS 0x000000044d800000| PB 0x000000044d800000| Untracked |  0
| 117|0x000000044e000000, 0x000000044e000000, 0x000000044e800000|  0%| F|  |TAMS 0x000000044e000000| PB 0x000000044e000000| Untracked |  0
| 118|0x000000044e800000, 0x000000044e800000, 0x000000044f000000|  0%| F|  |TAMS 0x000000044e800000| PB 0x000000044e800000| Untracked |  0
| 119|0x000000044f000000, 0x000000044f000000, 0x000000044f800000|  0%| F|  |TAMS 0x000000044f000000| PB 0x000000044f000000| Untracked |  0
| 120|0x000000044f800000, 0x000000044f800000, 0x0000000450000000|  0%| F|  |TAMS 0x000000044f800000| PB 0x000000044f800000| Untracked |  0
| 121|0x0000000450000000, 0x0000000450000000, 0x0000000450800000|  0%| F|  |TAMS 0x0000000450000000| PB 0x0000000450000000| Untracked |  0
| 122|0x0000000450800000, 0x0000000450dc2998, 0x0000000451000000| 72%| E|  |TAMS 0x0000000450800000| PB 0x0000000450800000| Complete |  0
| 123|0x0000000451000000, 0x0000000451800000, 0x0000000451800000|100%| E|CS|TAMS 0x0000000451000000| PB 0x0000000451000000| Complete |  0
| 124|0x0000000451800000, 0x0000000452000000, 0x0000000452000000|100%| E|CS|TAMS 0x0000000451800000| PB 0x0000000451800000| Complete |  0
| 125|0x0000000452000000, 0x0000000452800000, 0x0000000452800000|100%| E|CS|TAMS 0x0000000452000000| PB 0x0000000452000000| Complete |  0
|2008|0x00000007ff800000, 0x00000007ff924ea8, 0x0000000800000000| 14%| O|  |TAMS 0x00000007ff800000| PB 0x00000007ff800000| Untracked |  0

Card table byte_map: [0x0000024f0f000000,0x0000024f10f70000] _byte_map_base: 0x0000024f0cf64000

Marking Bits: (CMBitMap*) 0x0000024f72e07170
 Bits: [0x0000024f10f70000, 0x0000024f20a90000)

Polling page: 0x0000024f70f70000

Metaspace:
Metaspace        used 6976K, committed 7168K, reserved 1114112K
 class space     used 591K, committed 704K, reserved 1048576K

Usage:
  Non-class:      6.24 MB used.
      Class:    591.86 KB used.
       Both:      6.81 MB used.

Virtual space:
  Non-class space:       64.00 MB reserved,       6.31 MB ( 10%) committed,  1 nodes.
      Class space:        1.00 GB reserved,     704.00 KB ( <1%) committed,  1 nodes.
             Both:        1.06 GB reserved,       7.00 MB ( <1%) committed. 

Chunk freelists:
   Non-Class:  9.00 MB
       Class:  15.24 MB
        Both:  24.24 MB

MaxMetaspaceSize: unlimited
CompressedClassSpaceSize: 1.00 GB
Initial GC threshold: 21.00 MB
Current GC threshold: 21.00 MB
CDS: on
 - commit_granule_bytes: 65536.
 - commit_granule_words: 8192.
 - virtual_space_node_default_size: 8388608.
 - enlarge_chunks_in_place: 1.
UseCompressedClassPointers 1, UseCompactObjectHeaders 0
Narrow klass pointer bits 32, Max shift 3
Narrow klass base: 0x0000000080000000, Narrow klass shift: 0
Encoding Range: [0x0000000080000000 - 0x0000000180000000), (4294967296 bytes)
Klass Range:    [0x0000000080010000 - 0x00000000c1000000), (1090453504 bytes)
Klass ID Range:  [65536 - 1090519033) (1090453497)
Protection zone: [0x0000000080000000 - 0x0000000080010000), (65536 bytes)


Internal statistics:

num_allocs_failed_limit: 0.
num_arena_births: 52.
num_arena_deaths: 0.
num_vsnodes_births: 2.
num_vsnodes_deaths: 0.
num_space_committed: 112.
num_space_uncommitted: 0.
num_chunks_returned_to_freelist: 0.
num_chunks_taken_from_freelist: 68.
num_chunk_merges: 0.
num_chunk_splits: 42.
num_chunks_enlarged: 24.
num_inconsistent_stats: 0.

CodeHeap 'non-profiled nmethods': size=120064Kb used=471Kb max_used=471Kb free=119592Kb
 bounds [0x0000024f07ac0000, 0x0000024f07d30000, 0x0000024f0f000000]
CodeHeap 'profiled nmethods': size=120000Kb used=2311Kb max_used=2311Kb free=117688Kb
 bounds [0x0000024f00000000, 0x0000024f00270000, 0x0000024f07530000]
CodeHeap 'non-nmethods': size=5696Kb used=1362Kb max_used=1433Kb free=4333Kb
 bounds [0x0000024f07530000, 0x0000024f077a0000, 0x0000024f07ac0000]
CodeCache: size=245760Kb, used=4144Kb, max_used=4215Kb, free=241613Kb
 total_blobs=2174, nmethods=1680, adapters=398, full_count=0
Compilation: enabled, stopped_count=0, restarted_count=0

Compilation events (20 events):
Event: 0.667 Thread 0x0000024f7f80a970 1365       1       sun.invoke.util.Wrapper::basicClassDescriptor (5 bytes)
Event: 0.667 Thread 0x0000024f7f80a970 nmethod 1365 0x0000024f07b34188 code [0x0000024f07b34280, 0x0000024f07b34348]
Event: 0.667 Thread 0x0000024f7f80a970 1545       1       jdk.internal.util.ClassFileDumper::isEnabled (5 bytes)
Event: 0.667 Thread 0x0000024f7f80a970 nmethod 1545 0x0000024f07b34488 code [0x0000024f07b34580, 0x0000024f07b34648]
Event: 0.667 Thread 0x0000024f7f80a970 1343       1       java.lang.invoke.DirectMethodHandle::internalMemberName (5 bytes)
Event: 0.667 Thread 0x0000024f7f80a970 nmethod 1343 0x0000024f07b34788 code [0x0000024f07b34880, 0x0000024f07b34948]
Event: 0.667 Thread 0x0000024f7f80a970 1550       1       jdk.internal.classfile.impl.BufWriterImpl::getMajorVersion (5 bytes)
Event: 0.667 Thread 0x0000024f7f80a970 nmethod 1550 0x0000024f07b34a88 code [0x0000024f07b34b80, 0x0000024f07b34c48]
Event: 0.667 Thread 0x0000024f7f80a970 1551       1       jdk.internal.classfile.impl.RawBytecodeHelper$CodeRange::length (5 bytes)
Event: 0.667 Thread 0x0000024f7f80a970 nmethod 1551 0x0000024f07b34d88 code [0x0000024f07b34e80, 0x0000024f07b34f48]
Event: 0.667 Thread 0x0000024f7f80a970 1552       1       jdk.internal.classfile.impl.StackMapGenerator::maxStack (5 bytes)
Event: 0.667 Thread 0x0000024f7f80a970 nmethod 1552 0x0000024f07b35088 code [0x0000024f07b35180, 0x0000024f07b35248]
Event: 0.667 Thread 0x0000024f7f80a970 1553       1       jdk.internal.classfile.impl.StackMapGenerator::maxLocals (5 bytes)
Event: 0.667 Thread 0x0000024f7f80a970 nmethod 1553 0x0000024f07b35388 code [0x0000024f07b35480, 0x0000024f07b35548]
Event: 0.667 Thread 0x0000024f7f80a970 1570       1       java.lang.invoke.LambdaForm$Name::type (5 bytes)
Event: 0.667 Thread 0x0000024f7f80a970 nmethod 1570 0x0000024f07b35688 code [0x0000024f07b35780, 0x0000024f07b35848]
Event: 0.667 Thread 0x0000024f7f80a970 1508       1       java.lang.invoke.MethodType::rtype (5 bytes)
Event: 0.667 Thread 0x0000024f7f80a970 nmethod 1508 0x0000024f07b35988 code [0x0000024f07b35a80, 0x0000024f07b35b48]
Event: 0.667 Thread 0x0000024f7f80a970 1515       1       jdk.internal.classfile.impl.UnboundAttribute$UnboundExceptionsAttribute::exceptions (5 bytes)
Event: 0.667 Thread 0x0000024f7f80a970 nmethod 1515 0x0000024f07b35c88 code [0x0000024f07b35d80, 0x0000024f07b35e48]

GC Heap Usage History (0 events):
No events

Metaspace Usage History (0 events):
No events

Dll operation events (9 events):
Event: 0.079 Loaded shared library C:\Users\Mason\.jdks\openjdk-25.0.1\bin\java.dll
Event: 0.080 Loaded shared library C:\Users\Mason\.jdks\openjdk-25.0.1\bin\zip.dll
Event: 0.240 Loaded shared library C:\Users\Mason\.jdks\openjdk-25.0.1\bin\instrument.dll
Event: 0.244 Loaded shared library C:\Users\Mason\.jdks\openjdk-25.0.1\bin\net.dll
Event: 0.246 Loaded shared library C:\Users\Mason\.jdks\openjdk-25.0.1\bin\nio.dll
Event: 0.250 Loaded shared library C:\Users\Mason\.jdks\openjdk-25.0.1\bin\zip.dll
Event: 0.265 Loaded shared library C:\Users\Mason\.jdks\openjdk-25.0.1\bin\verify.dll
Event: 0.287 Loaded shared library C:\Users\Mason\.jdks\openjdk-25.0.1\bin\extnet.dll
Event: 0.333 Loaded shared library C:\Users\Mason\.jdks\openjdk-25.0.1\bin\jimage.dll

Deoptimization events (20 events):
Event: 0.585 Thread 0x0000024f72d16ad0 Uncommon trap: trap_request=0xffffffde fr.pc=0x0000024f07b11e78 relative=0x0000000000000078
Event: 0.585 Thread 0x0000024f72d16ad0 Uncommon trap: reason=class_check action=maybe_recompile pc=0x0000024f07b11e78 method=jdk.jfr.EventSettings$InternalAccess.getType(Ljava/lang/Object;)Ljdk/jfr/internal/Type; @ 18 c2
Event: 0.585 Thread 0x0000024f72d16ad0 DEOPT PACKING pc=0x0000024f07b11e78 sp=0x00000083cf6fe130
Event: 0.585 Thread 0x0000024f72d16ad0 DEOPT UNPACKING pc=0x0000024f0764f882 sp=0x00000083cf6fe0c8 mode 2
Event: 0.585 Thread 0x0000024f72d16ad0 Uncommon trap: trap_request=0xffffffde fr.pc=0x0000024f07b11e78 relative=0x0000000000000078
Event: 0.585 Thread 0x0000024f72d16ad0 Uncommon trap: reason=class_check action=maybe_recompile pc=0x0000024f07b11e78 method=jdk.jfr.EventSettings$InternalAccess.getType(Ljava/lang/Object;)Ljdk/jfr/internal/Type; @ 18 c2
Event: 0.585 Thread 0x0000024f72d16ad0 DEOPT PACKING pc=0x0000024f07b11e78 sp=0x00000083cf6fe130
Event: 0.585 Thread 0x0000024f72d16ad0 DEOPT UNPACKING pc=0x0000024f0764f882 sp=0x00000083cf6fe0c8 mode 2
Event: 0.586 Thread 0x0000024f72d16ad0 Uncommon trap: trap_request=0xffffffde fr.pc=0x0000024f07b11e78 relative=0x0000000000000078
Event: 0.586 Thread 0x0000024f72d16ad0 Uncommon trap: reason=class_check action=maybe_recompile pc=0x0000024f07b11e78 method=jdk.jfr.EventSettings$InternalAccess.getType(Ljava/lang/Object;)Ljdk/jfr/internal/Type; @ 18 c2
Event: 0.586 Thread 0x0000024f72d16ad0 DEOPT PACKING pc=0x0000024f07b11e78 sp=0x00000083cf6fe130
Event: 0.586 Thread 0x0000024f72d16ad0 DEOPT UNPACKING pc=0x0000024f0764f882 sp=0x00000083cf6fe0c8 mode 2
Event: 0.605 Thread 0x0000024f72d16ad0 Uncommon trap: trap_request=0xffffffcc fr.pc=0x0000024f07b1dc08 relative=0x0000000000000288
Event: 0.605 Thread 0x0000024f72d16ad0 Uncommon trap: reason=intrinsic_or_type_checked_inlining action=make_not_entrant pc=0x0000024f07b1dc08 method=java.util.Arrays.copyOf([Ljava/lang/Object;ILjava/lang/Class;)[Ljava/lang/Object; @ 35 c2
Event: 0.605 Thread 0x0000024f72d16ad0 DEOPT PACKING pc=0x0000024f07b1dc08 sp=0x00000083cf6fdf80
Event: 0.605 Thread 0x0000024f72d16ad0 DEOPT UNPACKING pc=0x0000024f0764f882 sp=0x00000083cf6fdf38 mode 2
Event: 0.639 Thread 0x0000024f72d16ad0 Uncommon trap: trap_request=0xffffff45 fr.pc=0x0000024f07b1c1f4 relative=0x00000000000000f4
Event: 0.639 Thread 0x0000024f72d16ad0 Uncommon trap: reason=unstable_if action=reinterpret pc=0x0000024f07b1c1f4 method=java.lang.Long.valueOf(J)Ljava/lang/Long; @ 9 c2
Event: 0.639 Thread 0x0000024f72d16ad0 DEOPT PACKING pc=0x0000024f07b1c1f4 sp=0x00000083cf6fe1f0
Event: 0.639 Thread 0x0000024f72d16ad0 DEOPT UNPACKING pc=0x0000024f0764f882 sp=0x00000083cf6fe188 mode 2

Classes loaded (20 events):
Event: 0.654 Loading class jdk/jfr/internal/SettingsManager$InternalSetting
Event: 0.655 Loading class jdk/jfr/internal/SettingsManager$InternalSetting done
Event: 0.656 Loading class jdk/jfr/internal/util/Rate
Event: 0.656 Loading class jdk/jfr/internal/util/Rate done
Event: 0.656 Loading class jdk/jfr/internal/util/TimespanUnit
Event: 0.656 Loading class jdk/jfr/internal/util/TimespanUnit done
Event: 0.657 Loading class jdk/jfr/internal/util/ValueParser
Event: 0.657 Loading class jdk/jfr/internal/util/ValueParser done
Event: 0.658 Loading class jdk/jfr/internal/util/TimespanRate
Event: 0.658 Loading class jdk/jfr/internal/util/TimespanRate done
Event: 0.659 Loading class java/util/TreeSet
Event: 0.659 Loading class java/util/TreeSet done
Event: 0.659 Loading class java/util/TreeMap
Event: 0.660 Loading class java/util/TreeMap done
Event: 0.660 Loading class java/util/TreeMap$KeySet
Event: 0.661 Loading class java/util/TreeMap$KeySet done
Event: 0.661 Loading class java/util/TreeMap$KeyIterator
Event: 0.661 Loading class java/util/TreeMap$KeyIterator done
Event: 0.661 Loading class jdk/jfr/internal/periodic/PeriodicType
Event: 0.661 Loading class jdk/jfr/internal/periodic/PeriodicType done

Classes unloaded (0 events):
No events

Classes redefined (1 events):
Event: 0.279 Thread 0x0000024f7f7dd5e0 redefined class name=java.lang.Throwable, count=1

Internal exceptions (18 events):
Event: 0.254 Thread 0x0000024f72d16ad0 Exception <a 'java/lang/NoSuchMethodError'{0x000000045245a078}: 'void java.lang.invoke.DirectMethodHandle$Holder.invokeStatic(java.lang.Object, java.lang.Object, java.lang.Object)'> (0x000000045245a078) 
thrown [s\open\src\hotspot\share\interpreter\linkResolver.cpp, line 804]
Event: 0.258 Thread 0x0000024f72d16ad0 Exception <a 'java/lang/NoSuchMethodError'{0x000000045248ef10}: 'java.lang.Object java.lang.invoke.Invokers$Holder.invokeExact_MT(java.lang.Object, java.lang.Object, java.lang.Object, java.lang.Object, java.lang.Object)'> (0x000000045248ef10) 
thrown [s\open\src\hotspot\share\interpreter\linkResolver.cpp, line 804]
Event: 0.285 Thread 0x0000024f7fa8ac30 Exception <a 'java/lang/NoSuchMethodError'{0x0000000452558298}: 'java.lang.Object java.lang.invoke.DirectMethodHandle$Holder.invokeStaticInit(java.lang.Object)'> (0x0000000452558298) 
thrown [s\open\src\hotspot\share\interpreter\linkResolver.cpp, line 804]
Event: 0.288 Thread 0x0000024f7fa8ac30 Exception <a 'java/lang/NoSuchMethodError'{0x000000045256c470}: 'void java.lang.invoke.DirectMethodHandle$Holder.invokeStatic(java.lang.Object, java.lang.Object)'> (0x000000045256c470) 
thrown [s\open\src\hotspot\share\interpreter\linkResolver.cpp, line 804]
Event: 0.424 Thread 0x0000024f72d16ad0 Exception <a 'java/lang/NoSuchMethodError'{0x000000045110c510}: 'java.lang.Object java.lang.invoke.DirectMethodHandle$Holder.invokeStatic(java.lang.Object, int, java.lang.Object)'> (0x000000045110c510) 
thrown [s\open\src\hotspot\share\interpreter\linkResolver.cpp, line 804]
Event: 0.437 Thread 0x0000024f72d16ad0 Implicit null exception at 0x0000024f07aebe36 to 0x0000024f07aebed2
Event: 0.438 Thread 0x0000024f72d16ad0 Implicit null exception at 0x0000024f07ae831d to 0x0000024f07ae8399
Event: 0.447 Thread 0x0000024f72d16ad0 Exception <a 'java/lang/NoSuchMethodError'{0x00000004511bda98}: 'void java.lang.invoke.DirectMethodHandle$Holder.invokeStaticInit(java.lang.Object)'> (0x00000004511bda98) 
thrown [s\open\src\hotspot\share\interpreter\linkResolver.cpp, line 804]
Event: 0.467 Thread 0x0000024f72d16ad0 Exception <a 'java/lang/NoSuchMethodError'{0x000000045127a8d0}: 'void java.lang.invoke.DirectMethodHandle$Holder.invokeSpecial(java.lang.Object, java.lang.Object, java.lang.Object)'> (0x000000045127a8d0) 
thrown [s\open\src\hotspot\share\interpreter\linkResolver.cpp, line 804]
Event: 0.484 Thread 0x0000024f72d16ad0 Exception <a 'java/lang/NoSuchMethodError'{0x00000004512f88d0}: 'java.lang.Object java.lang.invoke.DirectMethodHandle$Holder.newInvokeSpecial(java.lang.Object, java.lang.Object, java.lang.Object, java.lang.Object, java.lang.Object)'> (0x00000004512f88d0) 
thrown [s\open\src\hotspot\share\interpreter\linkResolver.cpp, line 804]
Event: 0.529 Thread 0x0000024f72d16ad0 Exception <a 'java/lang/NoSuchMethodError'{0x00000004514a2d10}: 'long java.lang.invoke.DirectMethodHandle$Holder.invokeVirtual(java.lang.Object, java.lang.Object)'> (0x00000004514a2d10) 
thrown [s\open\src\hotspot\share\interpreter\linkResolver.cpp, line 804]
Event: 0.531 Thread 0x0000024f72d16ad0 Exception <a 'java/lang/NoSuchMethodError'{0x00000004514b3b58}: 'int java.lang.invoke.DirectMethodHandle$Holder.invokeStatic(java.lang.Object, java.lang.Object, java.lang.Object, java.lang.Object)'> (0x00000004514b3b58) 
thrown [s\open\src\hotspot\share\interpreter\linkResolver.cpp, line 804]
Event: 0.619 Thread 0x0000024f72d16ad0 Exception <a 'java/lang/NoSuchMethodError'{0x0000000450916038}: 'void java.lang.invoke.DirectMethodHandle$Holder.invokeSpecial(java.lang.Object, java.lang.Object, int)'> (0x0000000450916038) 
thrown [s\open\src\hotspot\share\interpreter\linkResolver.cpp, line 804]
Event: 0.620 Thread 0x0000024f72d16ad0 Exception <a 'java/lang/NoSuchMethodError'{0x000000045091dcb0}: 'void java.lang.invoke.Invokers$Holder.invokeExact_MT(java.lang.Object, int, java.lang.Object)'> (0x000000045091dcb0) 
thrown [s\open\src\hotspot\share\interpreter\linkResolver.cpp, line 804]
Event: 0.622 Thread 0x0000024f291403c0 Exception <a 'java/lang/NoSuchMethodError'{0x00000004509ecc10}: 'long java.lang.invoke.DirectMethodHandle$Holder.invokeSpecial(java.lang.Object, java.lang.Object)'> (0x00000004509ecc10) 
thrown [s\open\src\hotspot\share\interpreter\linkResolver.cpp, line 804]
Event: 0.625 Thread 0x0000024f72d16ad0 Exception <a 'sun/nio/fs/WindowsException'{0x0000000450954430}> (0x0000000450954430) 
thrown [s\open\src\hotspot\share\prims\jni.cpp, line 516]
Event: 0.626 Thread 0x0000024f72d16ad0 Exception <a 'sun/nio/fs/WindowsException'{0x000000045095a160}> (0x000000045095a160) 
thrown [s\open\src\hotspot\share\prims\jni.cpp, line 516]
Event: 0.628 Thread 0x0000024f72d16ad0 Exception <a 'sun/nio/fs/WindowsException'{0x000000045095d348}> (0x000000045095d348) 
thrown [s\open\src\hotspot\share\prims\jni.cpp, line 516]

VM Operations (6 events):
Event: 0.279 Executing safepoint VM operation: RedefineClasses
Event: 0.280 Executing safepoint VM operation: RedefineClasses done
Event: 0.622 Executing non-safepoint VM operation: HandshakeAllThreads (Deoptimize)
Event: 0.622 Executing non-safepoint VM operation: HandshakeAllThreads (Deoptimize) done
Event: 0.652 Executing safepoint VM operation: JFRSafepointClear
Event: 0.652 Executing safepoint VM operation: JFRSafepointClear done

Memory protections (0 events):
No events

Nmethod flushes (0 events):
No events

Events (15 events):
Event: 0.091 Thread 0x0000024f72d16ad0 Thread added: 0x0000024f72d16ad0
Event: 0.101 Thread 0x0000024f72d16ad0 Thread added: 0x0000024f7f7ed1b0
Event: 0.101 Thread 0x0000024f72d16ad0 Thread added: 0x0000024f7f7edc10
Event: 0.101 Thread 0x0000024f72d16ad0 Thread added: 0x0000024f7f7f47c0
Event: 0.101 Thread 0x0000024f72d16ad0 Thread added: 0x0000024f7f7f5e00
Event: 0.101 Thread 0x0000024f72d16ad0 Thread added: 0x0000024f7f7fae10
Event: 0.101 Thread 0x0000024f72d16ad0 Thread added: 0x0000024f7f7fccd0
Event: 0.102 Thread 0x0000024f72d16ad0 Thread added: 0x0000024f7f809c20
Event: 0.102 Thread 0x0000024f72d16ad0 Thread added: 0x0000024f7f80a970
Event: 0.242 Thread 0x0000024f72d16ad0 Thread added: 0x0000024f7fa39f40
Event: 0.260 Thread 0x0000024f72d16ad0 Thread added: 0x0000024f7fa8ac30
Event: 0.305 Thread 0x0000024f7f80a970 Thread added: 0x0000024f272acfd0
Event: 0.445 Thread 0x0000024f72d16ad0 Thread added: 0x0000024f27ea81c0
Event: 0.543 Thread 0x0000024f7f80a970 Thread added: 0x0000024f272adff0
Event: 0.621 Thread 0x0000024f72d16ad0 Thread added: 0x0000024f291403c0


Dynamic libraries:
0x00007ff601e30000 - 0x00007ff601e3e000 	C:\Users\Mason\.jdks\openjdk-25.0.1\bin\java.exe
0x00007ffdbbf80000 - 0x00007ffdbc1e8000 	C:\WINDOWS\SYSTEM32\ntdll.dll
0x00007ffdba1e0000 - 0x00007ffdba2a9000 	C:\WINDOWS\System32\KERNEL32.DLL
0x00007ffdb9110000 - 0x00007ffdb9502000 	C:\WINDOWS\System32\KERNELBASE.dll
0x00007ffdb9540000 - 0x00007ffdb968b000 	C:\WINDOWS\System32\ucrtbase.dll
0x00007ffdac4e0000 - 0x00007ffdac4fe000 	C:\Users\Mason\.jdks\openjdk-25.0.1\bin\VCRUNTIME140.dll
0x00007ffdad2f0000 - 0x00007ffdad307000 	C:\Users\Mason\.jdks\openjdk-25.0.1\bin\jli.dll
0x00007ffdbbd70000 - 0x00007ffdbbf35000 	C:\WINDOWS\System32\USER32.dll
0x00007ffda5c60000 - 0x00007ffda5ef3000 	C:\WINDOWS\WinSxS\amd64_microsoft.windows.common-controls_6595b64144ccf1df_6.0.26100.6899_none_3e0efeeae32e88c1\COMCTL32.dll
0x00007ffdb9510000 - 0x00007ffdb9537000 	C:\WINDOWS\System32\win32u.dll
0x00007ffdbbcc0000 - 0x00007ffdbbd69000 	C:\WINDOWS\System32\msvcrt.dll
0x00007ffdba470000 - 0x00007ffdba49b000 	C:\WINDOWS\System32\GDI32.dll
0x00007ffdb9b80000 - 0x00007ffdb9cad000 	C:\WINDOWS\System32\gdi32full.dll
0x00007ffdb9950000 - 0x00007ffdb99f3000 	C:\WINDOWS\System32\msvcp_win.dll
0x00007ffdba4a0000 - 0x00007ffdba4cf000 	C:\WINDOWS\System32\IMM32.DLL
0x00007ffdab170000 - 0x00007ffdab17c000 	C:\Users\Mason\.jdks\openjdk-25.0.1\bin\vcruntime140_1.dll
0x00007ffd9af40000 - 0x00007ffd9afcd000 	C:\Users\Mason\.jdks\openjdk-25.0.1\bin\msvcp140.dll
0x00007ffceb8c0000 - 0x00007ffcec71f000 	C:\Users\Mason\.jdks\openjdk-25.0.1\bin\server\jvm.dll
0x00007ffdba2b0000 - 0x00007ffdba364000 	C:\WINDOWS\System32\ADVAPI32.dll
0x00007ffdbba90000 - 0x00007ffdbbb36000 	C:\WINDOWS\System32\sechost.dll
0x00007ffdbb7a0000 - 0x00007ffdbb8b8000 	C:\WINDOWS\System32\RPCRT4.dll
0x00007ffdbb8d0000 - 0x00007ffdbb944000 	C:\WINDOWS\System32\WS2_32.dll
0x00007ffdb8f70000 - 0x00007ffdb8fce000 	C:\WINDOWS\SYSTEM32\POWRPROF.dll
0x00007ffdaceb0000 - 0x00007ffdacee5000 	C:\WINDOWS\SYSTEM32\WINMM.dll
0x00007ffdaadd0000 - 0x00007ffdaaddb000 	C:\WINDOWS\SYSTEM32\VERSION.dll
0x00007ffdb8f50000 - 0x00007ffdb8f64000 	C:\WINDOWS\SYSTEM32\UMPDC.dll
0x00007ffdb7ea0000 - 0x00007ffdb7ebb000 	C:\WINDOWS\SYSTEM32\kernel.appcore.dll
0x00007ffdab0f0000 - 0x00007ffdab0fa000 	C:\Users\Mason\.jdks\openjdk-25.0.1\bin\jimage.dll
0x00007ffdb6870000 - 0x00007ffdb6ab2000 	C:\WINDOWS\SYSTEM32\DBGHELP.DLL
0x00007ffdbac30000 - 0x00007ffdbafab000 	C:\WINDOWS\System32\combase.dll
0x00007ffdbb200000 - 0x00007ffdbb2d7000 	C:\WINDOWS\System32\OLEAUT32.dll
0x00007ffd94db0000 - 0x00007ffd94dec000 	C:\WINDOWS\SYSTEM32\dbgcore.DLL
0x00007ffdb9cb0000 - 0x00007ffdb9d48000 	C:\WINDOWS\System32\bcryptPrimitives.dll
0x00007ffdb5d40000 - 0x00007ffdb5d50000 	C:\Users\Mason\.jdks\openjdk-25.0.1\bin\instrument.dll
0x00007ffda6330000 - 0x00007ffda634f000 	C:\Users\Mason\.jdks\openjdk-25.0.1\bin\java.dll
0x00007ffdbb5f0000 - 0x00007ffdbb788000 	C:\WINDOWS\System32\ole32.dll
0x00007ffdba4e0000 - 0x00007ffdbac2d000 	C:\WINDOWS\System32\SHELL32.dll
0x00007ffdb97e0000 - 0x00007ffdb994b000 	C:\WINDOWS\System32\wintypes.dll
0x00007ffd4e080000 - 0x00007ffd4e28e000 	C:\Users\Mason\AppData\Local\Temp\idea_libasyncProfiler_dll_temp_folder\libasyncProfiler.dll
0x00007ffd9e310000 - 0x00007ffd9e327000 	C:\Users\Mason\.jdks\openjdk-25.0.1\bin\zip.dll
0x00007ffdb6d20000 - 0x00007ffdb757d000 	C:\WINDOWS\SYSTEM32\windows.storage.dll
0x00007ffdbb2e0000 - 0x00007ffdbb3d2000 	C:\WINDOWS\System32\SHCORE.dll
0x00007ffdbb190000 - 0x00007ffdbb1f2000 	C:\WINDOWS\System32\shlwapi.dll
0x00007ffdb9030000 - 0x00007ffdb9059000 	C:\WINDOWS\SYSTEM32\profapi.dll
0x00007ffda27d0000 - 0x00007ffda27e2000 	C:\Users\Mason\.jdks\openjdk-25.0.1\bin\net.dll
0x00007ffdb83f0000 - 0x00007ffdb845b000 	C:\WINDOWS\system32\mswsock.dll
0x00007ffda27b0000 - 0x00007ffda27c6000 	C:\Users\Mason\.jdks\openjdk-25.0.1\bin\nio.dll
0x00007ffd9be10000 - 0x00007ffd9be20000 	C:\Users\Mason\.jdks\openjdk-25.0.1\bin\verify.dll
0x00007ffd9de90000 - 0x00007ffd9de99000 	C:\Users\Mason\.jdks\openjdk-25.0.1\bin\extnet.dll

JVMTI agents:
C:\Program Files\JetBrains\IntelliJ IDEA 2024.3.4\lib\idea_rt.jar path:C:\Users\Mason\.jdks\openjdk-25.0.1\bin\instrument.dll, loaded, initialized, instrumentlib options:65032
C:\Users\Mason\AppData\Local\JetBrains\IntelliJIdea2024.3\captureAgent\debugger-agent.jar path:C:\Users\Mason\.jdks\openjdk-25.0.1\bin\instrument.dll, loaded, initialized, instrumentlib options:none
C:\Users\Mason\AppData\Local\Temp\idea_libasyncProfiler_dll_temp_folder\libasyncProfiler.dll path:C:\Users\Mason\AppData\Local\Temp\idea_libasyncProfiler_dll_temp_folder\libasyncProfiler.dll, loaded, initialized, options:start,jfr,event=wall,interval=10ms,jfrsync=profile,cstack=no,file=C:\Users\Mason\IdeaSnapshots\All_in_cs3354GroupProject_2025_11_09_060225.jfr,dbghelppath=C:\Users\Mason\AppData\Local\Temp\idea_dbghelp_dll_temp_folder\dbghelp.dll,log=C:\Users\Mason\AppData\Local\Temp\All_in_cs3354GroupProject_2025_11_09_060225.jfr.log.txt,logLevel=DEBUG

dbghelp: loaded successfully - version: 4.0.5 - missing functions: none
symbol engine: initialized successfully - sym options: 0x614 - pdb path: .;C:\Users\Mason\.jdks\openjdk-25.0.1\bin;C:\WINDOWS\SYSTEM32;C:\WINDOWS\WinSxS\amd64_microsoft.windows.common-controls_6595b64144ccf1df_6.0.26100.6899_none_3e0efeeae32e88c1;C:\Users\Mason\.jdks\openjdk-25.0.1\bin\server;C:\Users\Mason\AppData\Local\Temp\idea_libasyncProfiler_dll_temp_folder

VM Arguments:
jvm_args: -ea -Didea.test.cyclic.buffer.size=1048576 -javaagent:C:\Program Files\JetBrains\IntelliJ IDEA 2024.3.4\lib\idea_rt.jar=65032 -javaagent:C:\Users\Mason\AppData\Local\JetBrains\IntelliJIdea2024.3\captureAgent\debugger-agent.jar -Dkotlinx.coroutines.debug.enable.creation.stack.trace=false -Ddebugger.agent.enable.coroutines=true -Dkotlinx.coroutines.debug.enable.flows.stack.trace=true -Dkotlinx.coroutines.debug.enable.mutable.state.flows.stack.trace=true -agentpath:C:\Users\Mason\AppData\Local\Temp\idea_libasyncProfiler_dll_temp_folder\libasyncProfiler.dll=start,jfr,event=wall,interval=10ms,jfrsync=profile,cstack=no,file=C:\Users\Mason\IdeaSnapshots\All_in_cs3354GroupProject_2025_11_09_060225.jfr,dbghelppath=C:\Users\Mason\AppData\Local\Temp\idea_dbghelp_dll_temp_folder\dbghelp.dll,log=C:\Users\Mason\AppData\Local\Temp\All_in_cs3354GroupProject_2025_11_09_060225.jfr.log.txt,logLevel=DEBUG -Dfile.encoding=UTF-8 -Dsun.stdout.encoding=UTF-8 -Dsun.stderr.encoding=UTF-8 
java_command: com.intellij.rt.junit.JUnitStarter -ideVersion5 -junit5 @w@C:\Users\Mason\AppData\Local\Temp\idea_working_dirs_junit.tmp @C:\Users\Mason\AppData\Local\Temp\idea_junit.tmp -socket65031
java_class_path (initial): C:\Users\Mason\.m2\repository\org\junit\platform\junit-platform-launcher\1.12.2\junit-platform-launcher-1.12.2.jar;C:\Program Files\JetBrains\IntelliJ IDEA 2024.3.4\lib\idea_rt.jar;C:\Program Files\JetBrains\IntelliJ IDEA 2024.3.4\plugins\junit\lib\junit5-rt.jar;C:\Program Files\JetBrains\IntelliJ IDEA 2024.3.4\plugins\junit\lib\junit-rt.jar;C:\Users\Mason\SWE_project\target\test-classes;C:\Users\Mason\SWE_project\target\classes;C:\Users\Mason\.m2\repository\org\springframework\boot\spring-boot-starter\3.5.7\spring-boot-starter-3.5.7.jar;C:\Users\Mason\.m2\repository\org\springframework\boot\spring-boot\3.5.7\spring-boot-3.5.7.jar;C:\Users\Mason\.m2\repository\org\springframework\spring-context\6.2.12\spring-context-6.2.12.jar;C:\Users\Mason\.m2\repository\org\springframework\boot\spring-boot-autoconfigure\3.5.7\spring-boot-autoconfigure-3.5.7.jar;C:\Users\Mason\.m2\repository\org\springframework\boot\spring-boot-starter-logging\3.5.7\spring-boot-starter-logging-3.5.7.jar;C:\Users\Mason\.m2\repository\ch\qos\logback\logback-classic\1.5.20\logback-classic-1.5.20.jar;C:\Users\Mason\.m2\repository\ch\qos\logback\logback-core\1.5.20\logback-core-1.5.20.jar;C:\Users\Mason\.m2\repository\org\apache\logging\log4j\log4j-to-slf4j\2.24.3\log4j-to-slf4j-2.24.3.jar;C:\Users\Mason\.m2\repository\org\apache\logging\log4j\log4j-api\2.24.3\log4j-api-2.24.3.jar;C:\Users\Mason\.m2\repository\org\slf4j\jul-to-slf4j\2.0.17\jul-to-slf4j-2.0.17.jar;C:\Users\Mason\.m2\repository\jakarta\annotation\jakarta.annotation-api\2.1.1\jakarta.annotation-api-2.1.1.jar;C:\Users\Mason\.m2\repository\org\springframework\spring-core\6.2.12\spring-core-6.2.12.jar;C:\Users\Mason\.m2\repository\org\springframework\spring-jcl\6.2.12\spring-jcl-6.2.12.jar;C:\Users\Mason\.m2\repository\org\yaml\snakeyaml\2.4\snakeyaml-2.4.jar;C:\Users\Mason\.m2\repository\org\springframework\boot\spring-boot-starter-test\3.5.7\spring-boot-starter-test-3.5.7.jar;C:\Users\Mason\.m2\repository\org\springframework\boot\spring-boot-test\3.5.7\spring-boot-test-3.5.7.jar;C:\Users\Mason\.m2\repository\org\springframework\boot\spring-boot-test-autoconfigure\3.5.7\spring-boot-test-autoconfigure-3.5.7.jar;C:\Users\Mason\.m2\repository\com\jayway\jsonpath\json-path\2.9.0\json-path-2.9.0.jar;C:\Users\Mason\.m2\repository\org\slf4j\slf4j-api\2.0.17\slf4j-api-2.0.17.jar;C:\Users\Mason\.m2\repository\jakarta\xml\bind\jakarta.xml.bind-api\4.0.4\jakarta.xml.bind-api-4.0.4.jar;C:\Users\Mason\.m2\repository\jakarta\activation\jakarta.activation-api\2.1.4\jakarta.activation-api-2.1.4.jar;C:\Users\Mason\.m2\repository\net\minidev\json-smart\2.5.2\json-smart-2.5.2.jar;C:\Users\Mason\.m2\repository\net\minidev\accessors-smart\2.5.2\accessors-smart-2.5.2.jar;C:\Users\Mason\.m2\repository\org\ow2\asm\asm\9.7.1\asm-9.7.1.jar;C:\Users\Mason\.m2\repository\org\assertj\assertj-core\3.27.6\assertj-core-3.27.6.jar;C:\Users\Mason\.m2\repository\net\bytebuddy\byte-buddy\1.17.8\byte-buddy-1.17.8.jar;C:\Users\Mason\.m2\repository\org\awaitility\awaitility\4.2.2\awaitility-4.2.2.jar;C:\Users\Mason\.m2\repository\org\hamcrest\hamcrest\3.0\hamcrest-3.0.jar;C:\Users\Mason\.m2\repository\org\junit\jupiter\junit-jupiter\5.12.2\junit-jupiter-5.12.2.jar;C:\Users\Mason\.m2\repository\org\junit\jupiter\junit-jupiter-api\5.12.2\junit-jupiter-api-5.12.2.jar;C:\Users\Mason\.m2\repository\org\opentest4j\opentest4j\1.3.0\opentest4j-1.3.0.jar;C:\Users\Mason\.m2\repository\org\junit\platform\junit-platform-commons\1.12.2\junit-platform-commons-1.12.2.jar;C:\Users\Mason\.m2\repository\org\apiguardian\apiguardian-api\1.1.2\apiguardian-api-1.1.2.jar;C:\Users\Mason\.m2\repository\org\junit\jupiter\junit-jupiter-params\5.12.2\junit-jupiter-params-5.12.2.jar;C:\Users\Mason\.m2\repository\org\junit\jupiter\junit-jupiter-engine\5.12.2\junit-jupiter-engine-5.12.2.jar;C:\Users\Mason\.m2\repository\org\junit\platform\junit-platform-engine\1.12.2\junit-platform-engine-1.12.2.jar;C:\Users\Mason\.m2\repository\org\mockito\mockito-core\5.17.0\mockito-core-5.17.0.jar;C:\Users\Mason\.m2\repository\net\bytebuddy\byte-buddy-agent\1.17.8\byte-buddy-agent-1.17.8.jar;C:\Users\Mason\.m2\repository\org\objenesis\objenesis\3.3\objenesis-3.3.jar;C:\Users\Mason\.m2\repository\org\mockito\mockito-junit-jupiter\5.17.0\mockito-junit-jupiter-5.17.0.jar;C:\Users\Mason\.m2\repository\org\skyscreamer\jsonassert\1.5.3\jsonassert-1.5.3.jar;C:\Users\Mason\.m2\repository\com\vaadin\external\google\android-json\0.0.20131108.vaadin1\android-json-0.0.20131108.vaadin1.jar;C:\Users\Mason\.m2\repository\org\springframework\spring-test\6.2.12\spring-test-6.2.12.jar;C:\Users\Mason\.m2\repository\org\xmlunit\xmlunit-core\2.10.4\xmlunit-core-2.10.4.jar;C:\Users\Mason\.m2\repository\org\springframework\boot\spring-boot-starter-web\3.5.7\spring-boot-starter-web-3.5.7.jar;C:\Users\Mason\.m2\repository\org\springframework\boot\spring-boot-starter-json\3.5.7\spring-boot-starter-json-3.5.7.jar;C:\Users\Mason\.m2\repository\com\fasterxml\jackson\core\jackson-databind\2.19.2\jackson-databind-2.19.2.jar;C:\Users\Mason\.m2\repository\com\fasterxml\jackson\core\jackson-annotations\2.19.2\jackson-annotations-2.19.2.jar;C:\Users\Mason\.m2\repository\com\fasterxml\jackson\core\jackson-core\2.19.2\jackson-core-2.19.2.jar;C:\Users\Mason\.m2\repository\com\fasterxml\jackson\datatype\jackson-datatype-jdk8\2.19.2\jackson-datatype-jdk8-2.19.2.jar;C:\Users\Mason\.m2\repository\com\fasterxml\jackson\datatype\jackson-datatype-jsr310\2.19.2\jackson-datatype-jsr310-2.19.2.jar;C:\Users\Mason\.m2\repository\com\fasterxml\jackson\module\jackson-module-parameter-names\2.19.2\jackson-module-parameter-names-2.19.2.jar;C:\Users\Mason\.m2\repository\org\springframework\boot\spring-boot-starter-tomcat\3.5.7\spring-boot-starter-tomcat-3.5.7.jar;C:\Users\Mason\.m2\repository\org\apache\tomcat\embed\tomcat-embed-core\10.1.48\tomcat-embed-core-10.1.48.jar;C:\Users\Mason\.m2\repository\org\apache\tomcat\embed\tomcat-embed-el\10.1.48\tomcat-embed-el-10.1.48.jar;C:\Users\Mason\.m2\repository\org\apache\tomcat\embed\tomcat-embed-websocket\10.1.48\tomcat-embed-websocket-10.1.48.jar;C:\Users\Mason\.m2\repository\org\springframework\spring-web\6.2.12\spring-web-6.2.12.jar;C:\Users\Mason\.m2\repository\org\springframework\spring-beans\6.2.12\spring-beans-6.2.12.jar;C:\Users\Mason\.m2\repository\io\micrometer\micrometer-observation\1.15.5\micrometer-observation-1.15.5.jar;C:\Users\Mason\.m2\repository\io\micrometer\micrometer-commons\1.15.5\micrometer-commons-1.15.5.jar;C:\Users\Mason\.m2\repository\org\springframework\spring-webmvc\6.2.12\spring-webmvc-6.2.12.jar;C:\Users\Mason\.m2\repository\org\springframework\spring-expression\6.2.12\spring-expression-6.2.12.jar;C:\Users\Mason\.m2\repository\org\springframework\boot\spring-boot-starter-security\3.5.7\spring-boot-starter-security-3.5.7.jar;C:\Users\Mason\.m2\repository\org\springframework\spring-aop\6.2.12\spring-aop-6.2.12.jar;C:\Users\Mason\.m2\repository\org\springframework\security\spring-security-config\6.5.6\spring-security-config-6.5.6.jar;C:\Users\Mason\.m2\repository\org\springframework\security\spring-security-web\6.5.6\spring-security-web-6.5.6.jar;C:\Users\Mason\.m2\repository\org\seleniumhq\selenium\selenium-java\4.21.0\selenium-java-4.21.0.jar;C:\Users\Mason\.m2\repository\org\seleniumhq\selenium\selenium-api\4.31.0\selenium-api-4.31.0.jar;C:\Users\Mason\.m2\repository\org\jspecify\jspecify\1.0.0\jspecify-1.0.0.jar;C:\Users\Mason\.m2\repository\org\seleniumhq\selenium\selenium-chrome-driver\4.31.0\selenium-chrome-driver-4.31.0.jar;C:\Users\Mason\.m2\repository\com\google\auto\service\auto-service-annotations\1.1.1\auto-service-annotations-1.1.1.jar;C:\Users\Mason\.m2\repository\org\seleniumhq\selenium\selenium-chromium-driver\4.31.0\selenium-chromium-driver-4.31.0.jar;C:\Users\Mason\.m2\repository\org\seleniumhq\selenium\selenium-json\4.31.0\selenium-json-4.31.0.jar;C:\Users\Mason\.m2\repository\org\seleniumhq\selenium\selenium-manager\4.31.0\selenium-manager-4.31.0.jar;C:\Users\Mason\.m2\repository\org\seleniumhq\selenium\selenium-devtools-v123\4.21.0\selenium-devtools-v123-4.21.0.jar;C:\Users\Mason\.m2\repository\org\seleniumhq\selenium\selenium-devtools-v124\4.21.0\selenium-devtools-v124-4.21.0.jar;C:\Users\Mason\.m2\repository\org\seleniumhq\selenium\selenium-devtools-v125\4.21.0\selenium-devtools-v125-4.21.0.jar;C:\Users\Mason\.m2\repository\org\seleniumhq\selenium\selenium-devtools-v85\4.21.0\selenium-devtools-v85-4.21.0.jar;C:\Users\Mason\.m2\repository\org\seleniumhq\selenium\selenium-edge-driver\4.31.0\selenium-edge-driver-4.31.0.jar;C:\Users\Mason\.m2\repository\org\seleniumhq\selenium\selenium-firefox-driver\4.31.0\selenium-firefox-driver-4.31.0.jar;C:\Users\Mason\.m2\repository\org\seleniumhq\selenium\selenium-http\4.31.0\selenium-http-4.31.0.jar;C:\Users\Mason\.m2\repository\org\seleniumhq\selenium\selenium-ie-driver\4.31.0\selenium-ie-driver-4.31.0.jar;C:\Users\Mason\.m2\repository\org\seleniumhq\selenium\selenium-remote-driver\4.31.0\selenium-remote-driver-4.31.0.jar;C:\Users\Mason\.m2\repository\com\google\guava\guava\33.4.6-jre\guava-33.4.6-jre.jar;C:\Users\Mason\.m2\repository\com\google\guava\failureaccess\1.0.3\failureaccess-1.0.3.jar;C:\Users\Mason\.m2\repository\com\google\guava\listenablefuture\9999.0-empty-to-avoid-conflict-with-guava\listenablefuture-9999.0-empty-to-avoid-conflict-with-guava.jar;C:\Users\Mason\.m2\repository\com\google\errorprone\error_prone_annotations\2.36.0\error_prone_annotations-2.36.0.jar;C:\Users\Mason\.m2\repository\com\google\j2objc\j2objc-annotations\3.0.0\j2objc-annotations-3.0.0.jar;C:\Users\Mason\.m2\repository\io\opentelemetry\opentelemetry-api\1.49.0\opentelemetry-api-1.49.0.jar;C:\Users\Mason\.m2\repository\io\opentelemetry\opentelemetry-context\1.49.0\opentelemetry-context-1.49.0.jar;C:\Users\Mason\.m2\repository\io\opentelemetry\opentelemetry-exporter-logging\1.49.0\opentelemetry-exporter-logging-1.49.0.jar;C:\Users\Mason\.m2\repository\io\opentelemetry\opentelemetry-sdk-common\1.49.0\opentelemetry-sdk-common-1.49.0.jar;C:\Users\Mason\.m2\repository\io\opentelemetry\opentelemetry-sdk-extension-autoconfigure-spi\1.49.0\opentelemetry-sdk-extension-autoconfigure-spi-1.49.0.jar;C:\Users\Mason\.m2\repository\io\opentelemetry\opentelemetry-sdk-extension-autoconfigure\1.49.0\opentelemetry-sdk-extension-autoconfigure-1.49.0.jar;C:\Users\Mason\.m2\repository\io\opentelemetry\opentelemetry-sdk-trace\1.49.0\opentelemetry-sdk-trace-1.49.0.jar;C:\Users\Mason\.m2\repository\io\opentelemetry\opentelemetry-sdk\1.49.0\opentelemetry-sdk-1.49.0.jar;C:\Users\Mason\.m2\repository\io\opentelemetry\opentelemetry-sdk-metrics\1.49.0\opentelemetry-sdk-metrics-1.49.0.jar;C:\Users\Mason\.m2\repository\io\opentelemetry\opentelemetry-sdk-logs\1.49.0\opentelemetry-sdk-logs-1.49.0.jar;C:\Users\Mason\.m2\repository\org\seleniumhq\selenium\selenium-os\4.31.0\selenium-os-4.31.0.jar;C:\Users\Mason\.m2\repository\org\apache\commons\commons-exec\1.4.0\commons-exec-1.4.0.jar;C:\Users\Mason\.m2\repository\org\seleniumhq\selenium\selenium-safari-driver\4.31.0\selenium-safari-driver-4.31.0.jar;C:\Users\Mason\.m2\repository\org\seleniumhq\selenium\selenium-support\4.31.0\selenium-support-4.31.0.jar;C:\Users\Mason\.m2\repository\org\springframework\boot\spring-boot-starter-thymeleaf\3.5.7\spring-boot-starter-thymeleaf-3.5.7.jar;C:\Users\Mason\.m2\repository\org\thymeleaf\thymeleaf-spring6\3.1.3.RELEASE\thymeleaf-spring6-3.1.3.RELEASE.jar;C:\Users\Mason\.m2\repository\org\thymeleaf\thymeleaf\3.1.3.RELEASE\thymeleaf-3.1.3.RELEASE.jar;C:\Users\Mason\.m2\repository\org\attoparser\attoparser\2.0.7.RELEASE\attoparser-2.0.7.RELEASE.jar;C:\Users\Mason\.m2\repository\org\unbescape\unbescape\1.1.6.RELEASE\unbescape-1.1.6.RELEASE.jar;C:\Users\Mason\.m2\repository\org\springframework\security\spring-security-test\6.5.6\spring-security-test-6.5.6.jar;C:\Users\Mason\.m2\repository\org\springframework\security\spring-security-core\6.5.6\spring-security-core-6.5.6.jar;C:\Users\Mason\.m2\repository\org\springframework\security\spring-security-crypto\6.5.6\spring-security-crypto-6.5.6.jar;C:\Users\Mason\.m2\repository\org\springframework\boot\spring-boot-devtools\3.5.7\spring-boot-devtools-3.5.7.jar;C:\Users\Mason\.m2\repository\org\springframework\boot\spring-boot-starter-data-jpa\3.5.7\spring-boot-starter-data-jpa-3.5.7.jar;C:\Users\Mason\.m2\repository\org\springframework\boot\spring-boot-starter-jdbc\3.5.7\spring-boot-starter-jdbc-3.5.7.jar;C:\Users\Mason\.m2\repository\com\zaxxer\HikariCP\6.3.3\HikariCP-6.3.3.jar;C:\Users\Mason\.m2\repository\org\springframework\spring-jdbc\6.2.12\spring-jdbc-6.2.12.jar;C:\Users\Mason\.m2\repository\org\hibernate\orm\hibernate-core\6.6.33.Final\hibernate-core-6.6.33.Final.jar;C:\Users\Mason\.m2\repository\jakarta\persistence\jakarta.persistence-api\3.1.0\jakarta.persistence-api-3.1.0.jar;C:\Users\Mason\.m2\repository\jakarta\transaction\jakarta.transaction-api\2.0.1\jakarta.transaction-api-2.0.1.jar;C:\Users\Mason\.m2\repository\org\jboss\logging\jboss-logging\3.6.1.Final\jboss-logging-3.6.1.Final.jar;C:\Users\Mason\.m2\repository\org\hibernate\common\hibernate-commons-annotations\7.0.3.Final\hibernate-commons-annotations-7.0.3.Final.jar;C:\Users\Mason\.m2\repository\io\smallrye\jandex\3.2.0\jandex-3.2.0.jar;C:\Users\Mason\.m2\repository\com\fasterxml\classmate\1.7.1\classmate-1.7.1.jar;C:\Users\Mason\.m2\repository\org\glassfish\jaxb\jaxb-runtime\4.0.6\jaxb-runtime-4.0.6.jar;C:\Users\Mason\.m2\repository\org\glassfish\jaxb\jaxb-core\4.0.6\jaxb-core-4.0.6.jar;C:\Users\Mason\.m2\repository\org\eclipse\angus\angus-activation\2.0.3\angus-activation-2.0.3.jar;C:\Users\Mason\.m2\repository\org\glassfish\jaxb\txw2\4.0.6\txw2-4.0.6.jar;C:\Users\Mason\.m2\repository\com\sun\istack\istack-commons-runtime\4.1.2\istack-commons-runtime-4.1.2.jar;C:\Users\Mason\.m2\repository\jakarta\inject\jakarta.inject-api\2.0.1\jakarta.inject-api-2.0.1.jar;C:\Users\Mason\.m2\repository\org\antlr\antlr4-runtime\4.13.0\antlr4-runtime-4.13.0.jar;C:\Users\Mason\.m2\repository\org\springframework\data\spring-data-jpa\3.5.5\spring-data-jpa-3.5.5.jar;C:\Users\Mason\.m2\repository\org\springframework\data\spring-data-commons\3.5.5\spring-data-commons-3.5.5.jar;C:\Users\Mason\.m2\repository\org\springframework\spring-orm\6.2.12\spring-orm-6.2.12.jar;C:\Users\Mason\.m2\repository\org\springframework\spring-tx\6.2.12\spring-tx-6.2.12.jar;C:\Users\Mason\.m2\repository\org\springframework\spring-aspects\6.2.12\spring-aspects-6.2.12.jar;C:\Users\Mason\.m2\repository\org\aspectj\aspectjweaver\1.9.24\aspectjweaver-1.9.24.jar;C:\Users\Mason\.m2\repository\org\projectlombok\lombok\1.18.42\lombok-1.18.42.jar;C:\Users\Mason\.m2\repository\com\mysql\mysql-connector-j\9.4.0\mysql-connector-j-9.4.0.jar
Launcher Type: SUN_STANDARD

[Global flags]
     intx CICompilerCount                          = 4                                         {product} {ergonomic}
     uint ConcGCThreads                            = 3                                         {product} {ergonomic}
     bool FlightRecorder                           = true                                      {product} {management}
     uint G1ConcRefinementThreads                  = 10                                        {product} {ergonomic}
   size_t G1HeapRegionSize                         = 8388608                                   {product} {ergonomic}
   size_t InitialHeapSize                          = 1056964608                                {product} {ergonomic}
   size_t MarkStackSize                            = 4194304                                   {product} {ergonomic}
   size_t MarkStackSizeMax                         = 536870912                                 {product} {ergonomic}
   size_t MaxHeapSize                              = 16852713472                               {product} {ergonomic}
   size_t MaxNewSize                               = 10108272640                               {product} {ergonomic}
   size_t MinHeapDeltaBytes                        = 8388608                                   {product} {ergonomic}
   size_t MinHeapSize                              = 8388608                                   {product} {ergonomic}
    uintx NonNMethodCodeHeapSize                   = 5832704                                {pd product} {ergonomic}
    uintx NonProfiledCodeHeapSize                  = 122945536                              {pd product} {ergonomic}
    uintx ProfiledCodeHeapSize                     = 122880000                              {pd product} {ergonomic}
    uintx ReservedCodeCacheSize                    = 251658240                              {pd product} {ergonomic}
     bool SegmentedCodeCache                       = true                                      {product} {ergonomic}
   size_t SoftMaxHeapSize                          = 16852713472                            {manageable} {ergonomic}
     bool UseCompressedOops                        = true                           {product lp64_product} {ergonomic}
     bool UseG1GC                                  = true                                      {product} {ergonomic}
     bool UseLargePagesIndividualAllocation        = false                                  {pd product} {ergonomic}

Logging:
Log output configuration:
 #0: stdout all=warning uptime,level,tags foldmultilines=false
 #1: stderr all=off uptime,level,tags foldmultilines=false

Release file:
<release file has not been read>
Environment Variables:
PATH=C:\Program Files\Common Files\Oracle\Java\javapath;C:\WINDOWS\system32;C:\WINDOWS;C:\WINDOWS\System32\Wbem;C:\WINDOWS\System32\WindowsPowerShell\v1.0\;C:\WINDOWS\System32\OpenSSH\;C:\Program Files\MATLAB\R2024b\bin;C:\Program Files\Git\cmd;C:\Users\Mason\AppData\Local\Microsoft\WindowsApps;
USERNAME=Mason
OS=Windows_NT
PROCESSOR_IDENTIFIER=AMD64 Family 25 Model 68 Stepping 1, AuthenticAMD
TMP=C:\Users\Mason\AppData\Local\Temp
TEMP=C:\Users\Mason\AppData\Local\Temp




Compilation memory statistics disabled.

Periodic native trim disabled

---------------  S Y S T E M  ---------------

OS:
 Windows 11 , 64 bit Build 26100 (10.0.26100.6725)
OS uptime: 17 days 9:02 hours
Hyper-V role detected

CPU: total 12 (initial active 12) (12 cores per cpu, 2 threads per core) family 25 model 68 stepping 1 microcode 0xa40410a, cx8, cmov, fxsr, ht, mmx, 3dnowpref, sse, sse2, sse3, ssse3, sse4a, sse4.1, sse4.2, popcnt, lzcnt, tsc, tscinvbit, avx, avx2, aes, erms, clmul, bmi1, bmi2, adx, sha, fma, vzeroupper, clflush, clflushopt, clwb, hv, rdtscp, rdpid, fsrm, f16c, cet_ss
Processor Information for processor 0
  Max Mhz: 2901, Current Mhz: 2901, Mhz Limit: 2901
Processor Information for processor 1
  Max Mhz: 2901, Current Mhz: 2315, Mhz Limit: 2901
Processor Information for processor 2
  Max Mhz: 2901, Current Mhz: 2901, Mhz Limit: 2901
Processor Information for processor 3
  Max Mhz: 2901, Current Mhz: 2315, Mhz Limit: 2901
Processor Information for processor 4
  Max Mhz: 2901, Current Mhz: 2901, Mhz Limit: 2901
Processor Information for processor 5
  Max Mhz: 2901, Current Mhz: 2315, Mhz Limit: 2901
Processor Information for processor 6
  Max Mhz: 2901, Current Mhz: 2315, Mhz Limit: 2901
Processor Information for processor 7
  Max Mhz: 2901, Current Mhz: 2901, Mhz Limit: 2901
Processor Information for processor 8
  Max Mhz: 2901, Current Mhz: 2901, Mhz Limit: 2901
Processor Information for processor 9
  Max Mhz: 2901, Current Mhz: 2315, Mhz Limit: 2901
Processor Information for processor 10
  Max Mhz: 2901, Current Mhz: 2315, Mhz Limit: 2901
Processor Information for processor 11
  Max Mhz: 2901, Current Mhz: 2315, Mhz Limit: 2901

Memory: 4k page, system-wide physical 64286M (41648M free)
TotalPageFile size 68382M (AvailPageFile size 42313M)
current process WorkingSet (physical memory assigned to process): 103M, peak: 103M
current process commit charge ("private bytes"): 1178M, peak: 1179M

vm_info: OpenJDK 64-Bit Server VM (25.0.1+8-27) for windows-amd64 JRE (25.0.1+8-27), built on 2025-09-25T16:41:16Z with unknown MS VC++:1943

END.
